Archive member included to satisfy reference by file (symbol)

c:/mingw/gcc-arm-none-eabi/bin/../lib/gcc/arm-none-eabi/10.3.1/../../../../arm-none-eabi/lib/thumb/v7e-m+fp/hard\libstdc++.a(class_type_info.o)
                              CMakeFiles/HEllOWORLD.elf.dir/Platform/Peripheral/SignalPeripheral.cpp.obj (vtable for __cxxabiv1::__class_type_info)
c:/mingw/gcc-arm-none-eabi/bin/../lib/gcc/arm-none-eabi/10.3.1/../../../../arm-none-eabi/lib/thumb/v7e-m+fp/hard\libstdc++.a(del_ops.o)
                              c:/mingw/gcc-arm-none-eabi/bin/../lib/gcc/arm-none-eabi/10.3.1/../../../../arm-none-eabi/lib/thumb/v7e-m+fp/hard\libstdc++.a(class_type_info.o) (operator delete(void*, unsigned int))
c:/mingw/gcc-arm-none-eabi/bin/../lib/gcc/arm-none-eabi/10.3.1/../../../../arm-none-eabi/lib/thumb/v7e-m+fp/hard\libstdc++.a(pure.o)
                              CMakeFiles/HEllOWORLD.elf.dir/Platform/Peripheral/SignalPeripheral.cpp.obj (__cxa_pure_virtual)
c:/mingw/gcc-arm-none-eabi/bin/../lib/gcc/arm-none-eabi/10.3.1/../../../../arm-none-eabi/lib/thumb/v7e-m+fp/hard\libstdc++.a(si_class_type_info.o)
                              CMakeFiles/HEllOWORLD.elf.dir/Platform/Adc/My_Adc.cpp.obj (vtable for __cxxabiv1::__si_class_type_info)
c:/mingw/gcc-arm-none-eabi/bin/../lib/gcc/arm-none-eabi/10.3.1/../../../../arm-none-eabi/lib/thumb/v7e-m+fp/hard\libstdc++.a(tinfo.o)
                              c:/mingw/gcc-arm-none-eabi/bin/../lib/gcc/arm-none-eabi/10.3.1/../../../../arm-none-eabi/lib/thumb/v7e-m+fp/hard\libstdc++.a(class_type_info.o) (std::type_info::~type_info())
c:/mingw/gcc-arm-none-eabi/bin/../lib/gcc/arm-none-eabi/10.3.1/../../../../arm-none-eabi/lib/thumb/v7e-m+fp/hard\libstdc++.a(vmi_class_type_info.o)
                              CMakeFiles/HEllOWORLD.elf.dir/Screen/GraphWindows.cpp.obj (vtable for __cxxabiv1::__vmi_class_type_info)
c:/mingw/gcc-arm-none-eabi/bin/../lib/gcc/arm-none-eabi/10.3.1/../../../../arm-none-eabi/lib/thumb/v7e-m+fp/hard\libstdc++.a(del_op.o)
                              c:/mingw/gcc-arm-none-eabi/bin/../lib/gcc/arm-none-eabi/10.3.1/../../../../arm-none-eabi/lib/thumb/v7e-m+fp/hard\libstdc++.a(del_ops.o) (operator delete(void*))
c:/mingw/gcc-arm-none-eabi/bin/../lib/gcc/arm-none-eabi/10.3.1/../../../../arm-none-eabi/lib/thumb/v7e-m+fp/hard\libstdc++.a(eh_terminate.o)
                              c:/mingw/gcc-arm-none-eabi/bin/../lib/gcc/arm-none-eabi/10.3.1/../../../../arm-none-eabi/lib/thumb/v7e-m+fp/hard\libstdc++.a(pure.o) (std::terminate())
c:/mingw/gcc-arm-none-eabi/bin/../lib/gcc/arm-none-eabi/10.3.1/../../../../arm-none-eabi/lib/thumb/v7e-m+fp/hard\libstdc++.a(eh_unex_handler.o)
                              c:/mingw/gcc-arm-none-eabi/bin/../lib/gcc/arm-none-eabi/10.3.1/../../../../arm-none-eabi/lib/thumb/v7e-m+fp/hard\libstdc++.a(eh_terminate.o) (__cxxabiv1::__unexpected_handler)
c:/mingw/gcc-arm-none-eabi/bin/../lib/gcc/arm-none-eabi/10.3.1/../../../../arm-none-eabi/lib/thumb/v7e-m+fp/hard\libstdc++.a(vterminate.o)
                              c:/mingw/gcc-arm-none-eabi/bin/../lib/gcc/arm-none-eabi/10.3.1/../../../../arm-none-eabi/lib/thumb/v7e-m+fp/hard\libstdc++.a(eh_terminate.o) (__gnu_cxx::__verbose_terminate_handler())
c:/mingw/gcc-arm-none-eabi/bin/../lib/gcc/arm-none-eabi/10.3.1/../../../../arm-none-eabi/lib/thumb/v7e-m+fp/hard\libstdc++.a(cp-demangle.o)
                              c:/mingw/gcc-arm-none-eabi/bin/../lib/gcc/arm-none-eabi/10.3.1/../../../../arm-none-eabi/lib/thumb/v7e-m+fp/hard\libstdc++.a(vterminate.o) (__cxa_demangle)
c:/mingw/gcc-arm-none-eabi/bin/../lib/gcc/arm-none-eabi/10.3.1/../../../../arm-none-eabi/lib/thumb/v7e-m+fp/hard\libstdc++.a(eh_arm.o)
                              c:/mingw/gcc-arm-none-eabi/bin/../lib/gcc/arm-none-eabi/10.3.1/../../../../arm-none-eabi/lib/thumb/v7e-m+fp/hard\libstdc++.a(eh_terminate.o) (__cxa_end_cleanup)
c:/mingw/gcc-arm-none-eabi/bin/../lib/gcc/arm-none-eabi/10.3.1/../../../../arm-none-eabi/lib/thumb/v7e-m+fp/hard\libstdc++.a(eh_call.o)
                              c:/mingw/gcc-arm-none-eabi/bin/../lib/gcc/arm-none-eabi/10.3.1/../../../../arm-none-eabi/lib/thumb/v7e-m+fp/hard\libstdc++.a(eh_terminate.o) (__cxa_call_unexpected)
c:/mingw/gcc-arm-none-eabi/bin/../lib/gcc/arm-none-eabi/10.3.1/../../../../arm-none-eabi/lib/thumb/v7e-m+fp/hard\libstdc++.a(eh_catch.o)
                              c:/mingw/gcc-arm-none-eabi/bin/../lib/gcc/arm-none-eabi/10.3.1/../../../../arm-none-eabi/lib/thumb/v7e-m+fp/hard\libstdc++.a(eh_terminate.o) (__cxa_begin_catch)
c:/mingw/gcc-arm-none-eabi/bin/../lib/gcc/arm-none-eabi/10.3.1/../../../../arm-none-eabi/lib/thumb/v7e-m+fp/hard\libstdc++.a(eh_exception.o)
                              c:/mingw/gcc-arm-none-eabi/bin/../lib/gcc/arm-none-eabi/10.3.1/../../../../arm-none-eabi/lib/thumb/v7e-m+fp/hard\libstdc++.a(eh_call.o) (std::bad_exception::~bad_exception())
[...]
Memory Configuration

Name             Origin             Length             Attributes
RAM              0x20000000         0x00020000         xrw
CCMRAM           0x10000000         0x00010000         xrw
FLASH            0x08000000         0x00080000         xr
*default*        0x00000000         0xffffffff

Linker script and memory map

LOAD c:/mingw/gcc-arm-none-eabi/bin/../lib/gcc/arm-none-eabi/10.3.1/thumb/v7e-m+fp/hard/crti.o
LOAD c:/mingw/gcc-arm-none-eabi/bin/../lib/gcc/arm-none-eabi/10.3.1/thumb/v7e-m+fp/hard/crtbegin.o
LOAD c:/mingw/gcc-arm-none-eabi/bin/../lib/gcc/arm-none-eabi/10.3.1/../../../../arm-none-eabi/lib/thumb/v7e-m+fp/hard/crt0.o
LOAD CMakeFiles/HEllOWORLD.elf.dir/ARM_DSP/Source/BasicMathFunctions/BasicMathFunctions.c.obj
LOAD CMakeFiles/HEllOWORLD.elf.dir/ARM_DSP/Source/BayesFunctions/BayesFunctions.c.obj
LOAD CMakeFiles/HEllOWORLD.elf.dir/ARM_DSP/Source/CommonTables/CommonTables.c.obj
LOAD CMakeFiles/HEllOWORLD.elf.dir/ARM_DSP/Source/ComplexMathFunctions/ComplexMathFunctions.c.obj
LOAD CMakeFiles/HEllOWORLD.elf.dir/ARM_DSP/Source/ControllerFunctions/ControllerFunctions.c.obj
LOAD CMakeFiles/HEllOWORLD.elf.dir/ARM_DSP/Source/DistanceFunctions/DistanceFunctions.c.obj
LOAD CMakeFiles/HEllOWORLD.elf.dir/ARM_DSP/Source/FastMathFunctions/FastMathFunctions.c.obj
LOAD CMakeFiles/HEllOWORLD.elf.dir/ARM_DSP/Source/FilteringFunctions/FilteringFunctions.c.obj
LOAD CMakeFiles/HEllOWORLD.elf.dir/ARM_DSP/Source/InterpolationFunctions/InterpolationFunctions.c.obj
LOAD CMakeFiles/HEllOWORLD.elf.dir/ARM_DSP/Source/MatrixFunctions/MatrixFunctions.c.obj
LOAD CMakeFiles/HEllOWORLD.elf.dir/ARM_DSP/Source/QuaternionMathFunctions/QuaternionMathFunctions.c.obj
LOAD CMakeFiles/HEllOWORLD.elf.dir/ARM_DSP/Source/SVMFunctions/SVMFunctions.c.obj
LOAD CMakeFiles/HEllOWORLD.elf.dir/ARM_DSP/Source/StatisticsFunctions/StatisticsFunctions.c.obj
LOAD CMakeFiles/HEllOWORLD.elf.dir/ARM_DSP/Source/SupportFunctions/SupportFunctions.c.obj
LOAD CMakeFiles/HEllOWORLD.elf.dir/ARM_DSP/Source/TransformFunctions/TransformFunctions.c.obj
LOAD CMakeFiles/HEllOWORLD.elf.dir/ARM_DSP/Source/WindowFunctions/WindowFunctions.c.obj
LOAD CMakeFiles/HEllOWORLD.elf.dir/Core/Src/adc.c.obj
LOAD CMakeFiles/HEllOWORLD.elf.dir/Core/Src/dac.c.obj
LOAD CMakeFiles/HEllOWORLD.elf.dir/Core/Src/dma.c.obj
LOAD CMakeFiles/HEllOWORLD.elf.dir/Core/Src/fsmc.c.obj
LOAD CMakeFiles/HEllOWORLD.elf.dir/Core/Src/gpio.c.obj
LOAD CMakeFiles/HEllOWORLD.elf.dir/Core/Src/main.c.obj
LOAD CMakeFiles/HEllOWORLD.elf.dir/Core/Src/spi.c.obj
LOAD CMakeFiles/HEllOWORLD.elf.dir/Core/Src/stm32f4xx_hal_msp.c.obj
LOAD CMakeFiles/HEllOWORLD.elf.dir/Core/Src/stm32f4xx_it.c.obj
LOAD CMakeFiles/HEllOWORLD.elf.dir/Core/Src/syscalls.c.obj
LOAD CMakeFiles/HEllOWORLD.elf.dir/Core/Src/system_stm32f4xx.c.obj
LOAD CMakeFiles/HEllOWORLD.elf.dir/Core/Src/tim.c.obj
LOAD CMakeFiles/HEllOWORLD.elf.dir/Core/Src/usart.c.obj
LOAD CMakeFiles/HEllOWORLD.elf.dir/Drivers/STM32F4xx_HAL_Driver/Src/stm32f4xx_hal.c.obj
LOAD CMakeFiles/HEllOWORLD.elf.dir/Drivers/STM32F4xx_HAL_Driver/Src/stm32f4xx_hal_adc.c.obj
LOAD CMakeFiles/HEllOWORLD.elf.dir/Drivers/STM32F4xx_HAL_Driver/Src/stm32f4xx_hal_adc_ex.c.obj
LOAD CMakeFiles/HEllOWORLD.elf.dir/Drivers/STM32F4xx_HAL_Driver/Src/stm32f4xx_hal_cortex.c.obj
LOAD CMakeFiles/HEllOWORLD.elf.dir/Drivers/STM32F4xx_HAL_Driver/Src/stm32f4xx_hal_dac.c.obj
LOAD CMakeFiles/HEllOWORLD.elf.dir/Drivers/STM32F4xx_HAL_Driver/Src/stm32f4xx_hal_dac_ex.c.obj
LOAD CMakeFiles/HEllOWORLD.elf.dir/Drivers/STM32F4xx_HAL_Driver/Src/stm32f4xx_hal_dma.c.obj
LOAD CMakeFiles/HEllOWORLD.elf.dir/Drivers/STM32F4xx_HAL_Driver/Src/stm32f4xx_hal_dma_ex.c.obj
LOAD CMakeFiles/HEllOWORLD.elf.dir/Drivers/STM32F4xx_HAL_Driver/Src/stm32f4xx_hal_exti.c.obj
LOAD CMakeFiles/HEllOWORLD.elf.dir/Drivers/STM32F4xx_HAL_Driver/Src/stm32f4xx_hal_flash.c.obj
LOAD CMakeFiles/HEllOWORLD.elf.dir/Drivers/STM32F4xx_HAL_Driver/Src/stm32f4xx_hal_flash_ex.c.obj
LOAD CMakeFiles/HEllOWORLD.elf.dir/Drivers/STM32F4xx_HAL_Driver/Src/stm32f4xx_hal_flash_ramfunc.c.obj
LOAD CMakeFiles/HEllOWORLD.elf.dir/Drivers/STM32F4xx_HAL_Driver/Src/stm32f4xx_hal_gpio.c.obj
LOAD CMakeFiles/HEllOWORLD.elf.dir/Drivers/STM32F4xx_HAL_Driver/Src/stm32f4xx_hal_pwr.c.obj
LOAD CMakeFiles/HEllOWORLD.elf.dir/Drivers/STM32F4xx_HAL_Driver/Src/stm32f4xx_hal_pwr_ex.c.obj
LOAD CMakeFiles/HEllOWORLD.elf.dir/Drivers/STM32F4xx_HAL_Driver/Src/stm32f4xx_hal_rcc.c.obj
LOAD CMakeFiles/HEllOWORLD.elf.dir/Drivers/STM32F4xx_HAL_Driver/Src/stm32f4xx_hal_rcc_ex.c.obj
LOAD CMakeFiles/HEllOWORLD.elf.dir/Drivers/STM32F4xx_HAL_Driver/Src/stm32f4xx_hal_spi.c.obj
LOAD CMakeFiles/HEllOWORLD.elf.dir/Drivers/STM32F4xx_HAL_Driver/Src/stm32f4xx_hal_sram.c.obj
LOAD CMakeFiles/HEllOWORLD.elf.dir/Drivers/STM32F4xx_HAL_Driver/Src/stm32f4xx_hal_tim.c.obj
LOAD CMakeFiles/HEllOWORLD.elf.dir/Drivers/STM32F4xx_HAL_Driver/Src/stm32f4xx_hal_tim_ex.c.obj
LOAD CMakeFiles/HEllOWORLD.elf.dir/Drivers/STM32F4xx_HAL_Driver/Src/stm32f4xx_hal_uart.c.obj
LOAD CMakeFiles/HEllOWORLD.elf.dir/Drivers/STM32F4xx_HAL_Driver/Src/stm32f4xx_ll_adc.c.obj
LOAD CMakeFiles/HEllOWORLD.elf.dir/Drivers/STM32F4xx_HAL_Driver/Src/stm32f4xx_ll_fsmc.c.obj
LOAD CMakeFiles/HEllOWORLD.elf.dir/HardWare/config/hardware.cpp.obj
LOAD CMakeFiles/HEllOWORLD.elf.dir/HardWare/key/key.c.obj
LOAD CMakeFiles/HEllOWORLD.elf.dir/HardWare/lcd/demos.c.obj
LOAD CMakeFiles/HEllOWORLD.elf.dir/HardWare/lcd/lcd.c.obj
LOAD CMakeFiles/HEllOWORLD.elf.dir/HardWare/lcd/lcd_ex.c.obj
LOAD CMakeFiles/HEllOWORLD.elf.dir/HardWare/lcd/lcdlib.c.obj
LOAD CMakeFiles/HEllOWORLD.elf.dir/HardWare/touch/touch.c.obj
LOAD CMakeFiles/HEllOWORLD.elf.dir/HardWare/w25qxx/w25qxx.c.obj
LOAD CMakeFiles/HEllOWORLD.elf.dir/Platform/Adc/My_Adc.cpp.obj
LOAD CMakeFiles/HEllOWORLD.elf.dir/Platform/Dac/My_Dac.cpp.obj
LOAD CMakeFiles/HEllOWORLD.elf.dir/Platform/Gpio/Gpio.cpp.obj
LOAD CMakeFiles/HEllOWORLD.elf.dir/Platform/Peripheral/SignalPeripheral.cpp.obj
LOAD CMakeFiles/HEllOWORLD.elf.dir/Platform/Pwm/My_Pwm.cpp.obj
LOAD CMakeFiles/HEllOWORLD.elf.dir/Platform/SignalProcess/AdvancedMeasure/AdvancedMeasure.cpp.obj
LOAD CMakeFiles/HEllOWORLD.elf.dir/Platform/SignalProcess/BasicMeasure/BasicMeasure.cpp.obj
LOAD CMakeFiles/HEllOWORLD.elf.dir/Platform/SignalProcess/FFT/My_fft.cpp.obj
LOAD CMakeFiles/HEllOWORLD.elf.dir/Platform/SignalProcess/Filter/Filter.cpp.obj
LOAD CMakeFiles/HEllOWORLD.elf.dir/Platform/SignalProcess/PwmMeasure/PwmMeasure.cpp.obj
LOAD CMakeFiles/HEllOWORLD.elf.dir/Platform/SignalProcess/SignalProcessBase.cpp.obj
LOAD CMakeFiles/HEllOWORLD.elf.dir/Platform/SignalProcess/Windows/Windows.cpp.obj
LOAD CMakeFiles/HEllOWORLD.elf.dir/Platform/Spwm/My_Spwm.cpp.obj
LOAD CMakeFiles/HEllOWORLD.elf.dir/Screen/GraphWindows.cpp.obj
LOAD CMakeFiles/HEllOWORLD.elf.dir/Screen/InfoWindows.cpp.obj
LOAD CMakeFiles/HEllOWORLD.elf.dir/Screen/PageWindows.cpp.obj
LOAD CMakeFiles/HEllOWORLD.elf.dir/Screen/ScreenBase/ScreenBase.cpp.obj
LOAD CMakeFiles/HEllOWORLD.elf.dir/Screen/ScreenBase/ScreenWindows.cpp.obj
LOAD CMakeFiles/HEllOWORLD.elf.dir/System/delay/delay.c.obj
LOAD CMakeFiles/HEllOWORLD.elf.dir/System/sys/sys.c.obj
LOAD CMakeFiles/HEllOWORLD.elf.dir/System/usart/Module_UART.c.obj
LOAD CMakeFiles/HEllOWORLD.elf.dir/System/usart/retarget.c.obj
LOAD CMakeFiles/HEllOWORLD.elf.dir/Task/Gui.cpp.obj
LOAD CMakeFiles/HEllOWORLD.elf.dir/Task/My_Task.cpp.obj
LOAD CMakeFiles/HEllOWORLD.elf.dir/UserApp/init.cpp.obj
LOAD CMakeFiles/HEllOWORLD.elf.dir/UserApp/main.cpp.obj
LOAD CMakeFiles/HEllOWORLD.elf.dir/UserApp/usart_receive.cpp.obj
LOAD CMakeFiles/HEllOWORLD.elf.dir/startup/startup_stm32f407xx.s.obj
LOAD c:/mingw/gcc-arm-none-eabi/bin/../lib/gcc/arm-none-eabi/10.3.1/../../../../arm-none-eabi/lib/thumb/v7e-m+fp/hard\libstdc++.a
LOAD c:/mingw/gcc-arm-none-eabi/bin/../lib/gcc/arm-none-eabi/10.3.1/../../../../arm-none-eabi/lib/thumb/v7e-m+fp/hard\libm.a
START GROUP
LOAD c:/mingw/gcc-arm-none-eabi/bin/../lib/gcc/arm-none-eabi/10.3.1/thumb/v7e-m+fp/hard\libgcc.a
LOAD c:/mingw/gcc-arm-none-eabi/bin/../lib/gcc/arm-none-eabi/10.3.1/../../../../arm-none-eabi/lib/thumb/v7e-m+fp/hard\libc.a
END GROUP
LOAD c:/mingw/gcc-arm-none-eabi/bin/../lib/gcc/arm-none-eabi/10.3.1/thumb/v7e-m+fp/hard/crtend.o
LOAD c:/mingw/gcc-arm-none-eabi/bin/../lib/gcc/arm-none-eabi/10.3.1/thumb/v7e-m+fp/hard/crtn.o
                0x20020000                _estack = (ORIGIN (RAM) + LENGTH (RAM))
                0x00000800                _Min_Heap_Size = 0x800
                0x00001000                _Min_Stack_Size = 0x1000

.isr_vector     0x08000000      0x188
                0x08000000                . = ALIGN (0x4)
 *(.isr_vector)
 .isr_vector    0x08000000      0x188 CMakeFiles/HEllOWORLD.elf.dir/startup/startup_stm32f407xx.s.obj
                0x08000000                g_pfnVectors
                0x08000188                . = ALIGN (0x4)

.text           0x080001c0    0x1c2bc
                0x080001c0                . = ALIGN (0x4)
 *(.text)
 .text          0x080001c0       0x40 c:/mingw/gcc-arm-none-eabi/bin/../lib/gcc/arm-none-eabi/10.3.1/thumb/v7e-m+fp/hard/crtbegin.o
 .text          0x08000200     0x5ee4 c:/mingw/gcc-arm-none-eabi/bin/../lib/gcc/arm-none-eabi/10.3.1/../../../../arm-none-eabi/lib/thumb/v7e-m+fp/hard\libstdc++.a(cp-demangle.o)
                0x08005ffc                __cxa_demangle
                0x080060c0                __gcclibcxx_demangle_callback
 .text          0x080060e4      0x378 c:/mingw/gcc-arm-none-eabi/bin/../lib/gcc/arm-none-eabi/10.3.1/thumb/v7e-m+fp/hard\libgcc.a(_arm_addsubdf3.o)
                0x080060e4                __aeabi_drsub
                0x080060ec                __aeabi_dsub
                0x080060ec                __subdf3
                0x080060f0                __aeabi_dadd
                0x080060f0                __adddf3
                0x08006368                __floatunsidf
                0x08006368                __aeabi_ui2d
                0x08006388                __floatsidf
                0x08006388                __aeabi_i2d
                0x080063ac                __aeabi_f2d
                0x080063ac                __extendsfdf2
                0x080063f0                __floatundidf
                0x080063f0                __aeabi_ul2d
                0x08006400                __floatdidf
                0x08006400                __aeabi_l2d
 .text          0x0800645c      0x424 c:/mingw/gcc-arm-none-eabi/bin/../lib/gcc/arm-none-eabi/10.3.1/thumb/v7e-m+fp/hard\libgcc.a(_arm_muldivdf3.o)
                0x0800645c                __aeabi_dmul
                0x0800645c                __muldf3
                0x080066b0                __divdf3
                0x080066b0                __aeabi_ddiv
 .text          0x08006880      0x110 c:/mingw/gcc-arm-none-eabi/bin/../lib/gcc/arm-none-eabi/10.3.1/thumb/v7e-m+fp/hard\libgcc.a(_arm_cmpdf2.o)
                0x08006880                __gtdf2
                0x08006880                __gedf2
                0x08006888                __ltdf2
                0x08006888                __ledf2
                0x08006890                __nedf2
                0x08006890                __eqdf2
                0x08006890                __cmpdf2
                0x0800690c                __aeabi_cdrcmple
                0x0800691c                __aeabi_cdcmpeq
                0x0800691c                __aeabi_cdcmple
                0x0800692c                __aeabi_dcmpeq
                0x08006940                __aeabi_dcmplt
                0x08006954                __aeabi_dcmple
                0x08006968                __aeabi_dcmpge
                0x0800697c                __aeabi_dcmpgt
 .text          0x08006990       0x2c c:/mingw/gcc-arm-none-eabi/bin/../lib/gcc/arm-none-eabi/10.3.1/thumb/v7e-m+fp/hard\libgcc.a(_arm_unorddf2.o)
                0x08006990                __unorddf2
                0x08006990                __aeabi_dcmpun
 .text          0x080069bc       0x50 c:/mingw/gcc-arm-none-eabi/bin/../lib/gcc/arm-none-eabi/10.3.1/thumb/v7e-m+fp/hard\libgcc.a(_arm_fixdfsi.o)
                0x080069bc                __aeabi_d2iz
                0x080069bc                __fixdfsi
 .text          0x08006a0c       0x40 c:/mingw/gcc-arm-none-eabi/bin/../lib/gcc/arm-none-eabi/10.3.1/thumb/v7e-m+fp/hard\libgcc.a(_arm_fixunsdfsi.o)
                0x08006a0c                __aeabi_d2uiz
                0x08006a0c                __fixunsdfsi
 .text          0x08006a4c      0x21c c:/mingw/gcc-arm-none-eabi/bin/../lib/gcc/arm-none-eabi/10.3.1/thumb/v7e-m+fp/hard\libgcc.a(_arm_addsubsf3.o)
                0x08006a4c                __aeabi_frsub
                0x08006a54                __subsf3
                0x08006a54                __aeabi_fsub
                0x08006a58                __aeabi_fadd
                0x08006a58                __addsf3
                0x08006bb8                __aeabi_ui2f
                0x08006bb8                __floatunsisf
                0x08006bc0                __aeabi_i2f
                0x08006bc0                __floatsisf
                0x08006bdc                __aeabi_ul2f
                0x08006bdc                __floatundisf
                0x08006bec                __aeabi_l2f
                0x08006bec                __floatdisf
 .text          0x08006c68       0x30 c:/mingw/gcc-arm-none-eabi/bin/../lib/gcc/arm-none-eabi/10.3.1/thumb/v7e-m+fp/hard\libgcc.a(_aeabi_uldivmod.o)
                0x08006c68                __aeabi_uldivmod
 .text          0x08006c98      0x2d0 c:/mingw/gcc-arm-none-eabi/bin/../lib/gcc/arm-none-eabi/10.3.1/thumb/v7e-m+fp/hard\libgcc.a(_udivmoddi4.o)
                0x08006c98                __udivmoddi4
 .text          0x08006f68      0x9d8 c:/mingw/gcc-arm-none-eabi/bin/../lib/gcc/arm-none-eabi/10.3.1/thumb/v7e-m+fp/hard\libgcc.a(unwind-arm.o)
                0x08007210                _Unwind_GetCFA
                0x08007214                __gnu_Unwind_RaiseException
                0x0800727c                __gnu_Unwind_ForcedUnwind
                0x0800728c                __gnu_Unwind_Resume
                0x080072d0                __gnu_Unwind_Resume_or_Rethrow
                0x080072e0                _Unwind_Complete
                0x080072e4                _Unwind_DeleteException
                0x080072f0                _Unwind_VRS_Get
                0x0800733c                _Unwind_VRS_Set
                0x08007384                __gnu_Unwind_Backtrace
                0x080076b0                __aeabi_unwind_cpp_pr0
                0x080076b4                __aeabi_unwind_cpp_pr1
                0x080076b8                __aeabi_unwind_cpp_pr2
                0x080076bc                _Unwind_VRS_Pop
 .text          0x08007940      0x1ac c:/mingw/gcc-arm-none-eabi/bin/../lib/gcc/arm-none-eabi/10.3.1/thumb/v7e-m+fp/hard\libgcc.a(libunwind.o)
                0x08007940                __restore_core_regs
                0x08007940                restore_core_regs
                0x08007958                __gnu_Unwind_Restore_VFP
                0x08007960                __gnu_Unwind_Save_VFP
                0x08007968                __gnu_Unwind_Restore_VFP_D
                0x08007970                __gnu_Unwind_Save_VFP_D
                0x08007978                __gnu_Unwind_Restore_VFP_D_16_to_31
                0x08007980                __gnu_Unwind_Save_VFP_D_16_to_31
                0x08007988                __gnu_Unwind_Restore_WMMXD
                0x080079cc                __gnu_Unwind_Save_WMMXD
                0x08007a10                __gnu_Unwind_Restore_WMMXC
                0x08007a24                __gnu_Unwind_Save_WMMXC
                0x08007a38                ___Unwind_RaiseException
                0x08007a38                _Unwind_RaiseException
                0x08007a5c                _Unwind_Resume
                0x08007a5c                ___Unwind_Resume
                0x08007a80                _Unwind_Resume_or_Rethrow
                0x08007a80                ___Unwind_Resume_or_Rethrow
                0x08007aa4                _Unwind_ForcedUnwind
                0x08007aa4                ___Unwind_ForcedUnwind
                0x08007ac8                ___Unwind_Backtrace
                0x08007ac8                _Unwind_Backtrace
 .text          0x08007aec      0x350 c:/mingw/gcc-arm-none-eabi/bin/../lib/gcc/arm-none-eabi/10.3.1/thumb/v7e-m+fp/hard\libgcc.a(pr-support.o)
                0x08007b44                __gnu_unwind_execute
                0x08007df0                __gnu_unwind_frame
                0x08007e1c                _Unwind_GetRegionStart
                0x08007e28                _Unwind_GetLanguageSpecificData
 .text          0x08007e3c        0x4 c:/mingw/gcc-arm-none-eabi/bin/../lib/gcc/arm-none-eabi/10.3.1/thumb/v7e-m+fp/hard\libgcc.a(_dvmd_tls.o)
                0x08007e3c                __aeabi_idiv0
                0x08007e3c                __aeabi_ldiv0
 .text          0x08007e40       0xa0 c:/mingw/gcc-arm-none-eabi/bin/../lib/gcc/arm-none-eabi/10.3.1/../../../../arm-none-eabi/lib/thumb/v7e-m+fp/hard\libc.a(lib_a-memchr.o)
                0x08007e40                memchr
 .text          0x08007ee0      0x134 c:/mingw/gcc-arm-none-eabi/bin/../lib/gcc/arm-none-eabi/10.3.1/../../../../arm-none-eabi/lib/thumb/v7e-m+fp/hard\libc.a(lib_a-memcpy.o)
                0x08007ee0                memcpy
 *fill*         0x08008014        0xc 
 .text          0x08008020      0x2dc c:/mingw/gcc-arm-none-eabi/bin/../lib/gcc/arm-none-eabi/10.3.1/../../../../arm-none-eabi/lib/thumb/v7e-m+fp/hard\libc.a(lib_a-strcmp.o)
                0x08008028                strcmp
 *fill*         0x080082fc        0x4 
 .text          0x08008300       0xdc c:/mingw/gcc-arm-none-eabi/bin/../lib/gcc/arm-none-eabi/10.3.1/../../../../arm-none-eabi/lib/thumb/v7e-m+fp/hard\libc.a(lib_a-strlen.o)
                0x08008300                strlen
 *(.text*)
 .text.arm_cmplx_mag_f32
                0x080083dc       0x42 CMakeFiles/HEllOWORLD.elf.dir/ARM_DSP/Source/ComplexMathFunctions/ComplexMathFunctions.c.obj
                0x080083dc                arm_cmplx_mag_f32
 *fill*         0x0800841e        0x2 
 .text.arm_fir_f32
                0x08008420       0x70 CMakeFiles/HEllOWORLD.elf.dir/ARM_DSP/Source/FilteringFunctions/FilteringFunctions.c.obj
                0x08008420                arm_fir_f32
 .text.arm_fir_init_f32
                0x08008490       0x1e CMakeFiles/HEllOWORLD.elf.dir/ARM_DSP/Source/FilteringFunctions/FilteringFunctions.c.obj
                0x08008490                arm_fir_init_f32
 .text.arm_max_f32
                0x080084ae       0x30 CMakeFiles/HEllOWORLD.elf.dir/ARM_DSP/Source/StatisticsFunctions/StatisticsFunctions.c.obj
                0x080084ae                arm_max_f32
 .text.arm_min_f32
                0x080084de       0x30 CMakeFiles/HEllOWORLD.elf.dir/ARM_DSP/Source/StatisticsFunctions/StatisticsFunctions.c.obj
                0x080084de                arm_min_f32
 *fill*         0x0800850e        0x2 
 .text.arm_rms_f32
                0x08008510       0x4c CMakeFiles/HEllOWORLD.elf.dir/ARM_DSP/Source/StatisticsFunctions/StatisticsFunctions.c.obj
                0x08008510                arm_rms_f32
 .text.arm_bitreversal_32
                0x0800855c       0x4a CMakeFiles/HEllOWORLD.elf.dir/ARM_DSP/Source/TransformFunctions/TransformFunctions.c.obj
                0x0800855c                arm_bitreversal_32
 *fill*         0x080085a6        0x2 
 .text.arm_radix8_butterfly_f32
                0x080085a8      0x5a8 CMakeFiles/HEllOWORLD.elf.dir/ARM_DSP/Source/TransformFunctions/TransformFunctions.c.obj
                0x080085a8                arm_radix8_butterfly_f32
 .text.arm_cfft_radix8by2_f32
                0x08008b50      0x1f4 CMakeFiles/HEllOWORLD.elf.dir/ARM_DSP/Source/TransformFunctions/TransformFunctions.c.obj
                0x08008b50                arm_cfft_radix8by2_f32
 .text.arm_cfft_radix8by4_f32
                0x08008d44      0x4bc CMakeFiles/HEllOWORLD.elf.dir/ARM_DSP/Source/TransformFunctions/TransformFunctions.c.obj
                0x08008d44                arm_cfft_radix8by4_f32
 .text.arm_cfft_f32
                0x08009200       0xda CMakeFiles/HEllOWORLD.elf.dir/ARM_DSP/Source/TransformFunctions/TransformFunctions.c.obj
                0x08009200                arm_cfft_f32
 *fill*         0x080092da        0x2 
 .text.arm_hamming_f32
                0x080092dc       0x68 CMakeFiles/HEllOWORLD.elf.dir/ARM_DSP/Source/WindowFunctions/WindowFunctions.c.obj
                0x080092dc                arm_hamming_f32
 .text.MX_ADC1_Init
                0x08009344       0x84 CMakeFiles/HEllOWORLD.elf.dir/Core/Src/adc.c.obj
                0x08009344                MX_ADC1_Init
 .text.MX_ADC2_Init
                0x080093c8       0x6c CMakeFiles/HEllOWORLD.elf.dir/Core/Src/adc.c.obj
                0x080093c8                MX_ADC2_Init
 .text.MX_ADC3_Init
                0x08009434       0x6c CMakeFiles/HEllOWORLD.elf.dir/Core/Src/adc.c.obj
                0x08009434                MX_ADC3_Init
 .text.HAL_ADC_MspInit
                0x080094a0      0x1cc CMakeFiles/HEllOWORLD.elf.dir/Core/Src/adc.c.obj
                0x080094a0                HAL_ADC_MspInit
 .text.MX_DAC_Init
                0x0800966c       0x58 CMakeFiles/HEllOWORLD.elf.dir/Core/Src/dac.c.obj
                0x0800966c                MX_DAC_Init
 .text.HAL_DAC_MspInit
                0x080096c4      0x110 CMakeFiles/HEllOWORLD.elf.dir/Core/Src/dac.c.obj
                0x080096c4                HAL_DAC_MspInit
 .text.MX_DMA_Init
                0x080097d4       0x98 CMakeFiles/HEllOWORLD.elf.dir/Core/Src/dma.c.obj
                0x080097d4                MX_DMA_Init
 .text.HAL_FSMC_MspInit
                0x0800986c       0x7c CMakeFiles/HEllOWORLD.elf.dir/Core/Src/fsmc.c.obj
 .text.MX_FSMC_Init
                0x080098e8       0x8c CMakeFiles/HEllOWORLD.elf.dir/Core/Src/fsmc.c.obj
                0x080098e8                MX_FSMC_Init
 .text.HAL_SRAM_MspInit
                0x08009974        0x8 CMakeFiles/HEllOWORLD.elf.dir/Core/Src/fsmc.c.obj
                0x08009974                HAL_SRAM_MspInit
 .text.MX_GPIO_Init
                0x0800997c      0x108 CMakeFiles/HEllOWORLD.elf.dir/Core/Src/gpio.c.obj
                0x0800997c                MX_GPIO_Init
 .text.Error_Handler
                0x08009a84        0x4 CMakeFiles/HEllOWORLD.elf.dir/Core/Src/main.c.obj
                0x08009a84                Error_Handler
 .text.SystemClock_Config
                0x08009a88       0xa8 CMakeFiles/HEllOWORLD.elf.dir/Core/Src/main.c.obj
                0x08009a88                SystemClock_Config
 .text.main     0x08009b30       0x48 CMakeFiles/HEllOWORLD.elf.dir/Core/Src/main.c.obj
                0x08009b30                main
 .text.MX_SPI1_Init
                0x08009b78       0x48 CMakeFiles/HEllOWORLD.elf.dir/Core/Src/spi.c.obj
                0x08009b78                MX_SPI1_Init
 .text.HAL_SPI_MspInit
                0x08009bc0       0x70 CMakeFiles/HEllOWORLD.elf.dir/Core/Src/spi.c.obj
                0x08009bc0                HAL_SPI_MspInit
 .text.HAL_MspInit
                0x08009c30       0x38 CMakeFiles/HEllOWORLD.elf.dir/Core/Src/stm32f4xx_hal_msp.c.obj
                0x08009c30                HAL_MspInit
 .text.NMI_Handler
                0x08009c68        0x2 CMakeFiles/HEllOWORLD.elf.dir/Core/Src/stm32f4xx_it.c.obj
                0x08009c68                NMI_Handler
 .text.HardFault_Handler
                0x08009c6a        0x2 CMakeFiles/HEllOWORLD.elf.dir/Core/Src/stm32f4xx_it.c.obj
                0x08009c6a                HardFault_Handler
 .text.MemManage_Handler
                0x08009c6c        0x2 CMakeFiles/HEllOWORLD.elf.dir/Core/Src/stm32f4xx_it.c.obj
                0x08009c6c                MemManage_Handler
 .text.BusFault_Handler
                0x08009c6e        0x2 CMakeFiles/HEllOWORLD.elf.dir/Core/Src/stm32f4xx_it.c.obj
                0x08009c6e                BusFault_Handler
 .text.UsageFault_Handler
                0x08009c70        0x2 CMakeFiles/HEllOWORLD.elf.dir/Core/Src/stm32f4xx_it.c.obj
                0x08009c70                UsageFault_Handler
 .text.SVC_Handler
                0x08009c72        0x2 CMakeFiles/HEllOWORLD.elf.dir/Core/Src/stm32f4xx_it.c.obj
                0x08009c72                SVC_Handler
 .text.DebugMon_Handler
                0x08009c74        0x2 CMakeFiles/HEllOWORLD.elf.dir/Core/Src/stm32f4xx_it.c.obj
                0x08009c74                DebugMon_Handler
 .text.PendSV_Handler
                0x08009c76        0x2 CMakeFiles/HEllOWORLD.elf.dir/Core/Src/stm32f4xx_it.c.obj
                0x08009c76                PendSV_Handler
 .text.SysTick_Handler
                0x08009c78        0x8 CMakeFiles/HEllOWORLD.elf.dir/Core/Src/stm32f4xx_it.c.obj
                0x08009c78                SysTick_Handler
 .text.DMA1_Stream1_IRQHandler
                0x08009c80       0x10 CMakeFiles/HEllOWORLD.elf.dir/Core/Src/stm32f4xx_it.c.obj
                0x08009c80                DMA1_Stream1_IRQHandler
 .text.DMA1_Stream5_IRQHandler
                0x08009c90       0x10 CMakeFiles/HEllOWORLD.elf.dir/Core/Src/stm32f4xx_it.c.obj
                0x08009c90                DMA1_Stream5_IRQHandler
 .text.DMA1_Stream6_IRQHandler
                0x08009ca0       0x10 CMakeFiles/HEllOWORLD.elf.dir/Core/Src/stm32f4xx_it.c.obj
                0x08009ca0                DMA1_Stream6_IRQHandler
 .text.TIM1_BRK_TIM9_IRQHandler
                0x08009cb0       0x10 CMakeFiles/HEllOWORLD.elf.dir/Core/Src/stm32f4xx_it.c.obj
                0x08009cb0                TIM1_BRK_TIM9_IRQHandler
 .text.USART3_IRQHandler
                0x08009cc0       0x10 CMakeFiles/HEllOWORLD.elf.dir/Core/Src/stm32f4xx_it.c.obj
                0x08009cc0                USART3_IRQHandler
 .text.TIM6_DAC_IRQHandler
                0x08009cd0       0x10 CMakeFiles/HEllOWORLD.elf.dir/Core/Src/stm32f4xx_it.c.obj
                0x08009cd0                TIM6_DAC_IRQHandler
 .text.DMA2_Stream0_IRQHandler
                0x08009ce0       0x10 CMakeFiles/HEllOWORLD.elf.dir/Core/Src/stm32f4xx_it.c.obj
                0x08009ce0                DMA2_Stream0_IRQHandler
 .text.DMA2_Stream1_IRQHandler
                0x08009cf0       0x10 CMakeFiles/HEllOWORLD.elf.dir/Core/Src/stm32f4xx_it.c.obj
                0x08009cf0                DMA2_Stream1_IRQHandler
 .text.DMA2_Stream2_IRQHandler
                0x08009d00       0x10 CMakeFiles/HEllOWORLD.elf.dir/Core/Src/stm32f4xx_it.c.obj
                0x08009d00                DMA2_Stream2_IRQHandler
 .text._getpid  0x08009d10        0x4 CMakeFiles/HEllOWORLD.elf.dir/Core/Src/syscalls.c.obj
                0x08009d10                _getpid
 .text._kill    0x08009d14       0x10 CMakeFiles/HEllOWORLD.elf.dir/Core/Src/syscalls.c.obj
                0x08009d14                _kill
 .text._exit    0x08009d24        0xc CMakeFiles/HEllOWORLD.elf.dir/Core/Src/syscalls.c.obj
                0x08009d24                _exit
 .text._sbrk    0x08009d30       0x3c CMakeFiles/HEllOWORLD.elf.dir/Core/Src/syscalls.c.obj
                0x08009d30                _sbrk
 .text._close   0x08009d6c        0x6 CMakeFiles/HEllOWORLD.elf.dir/Core/Src/syscalls.c.obj
                0x08009d6c                _close
 .text._fstat   0x08009d72        0xa CMakeFiles/HEllOWORLD.elf.dir/Core/Src/syscalls.c.obj
                0x08009d72                _fstat
 .text._isatty  0x08009d7c        0x4 CMakeFiles/HEllOWORLD.elf.dir/Core/Src/syscalls.c.obj
                0x08009d7c                _isatty
 .text._lseek   0x08009d80        0x4 CMakeFiles/HEllOWORLD.elf.dir/Core/Src/syscalls.c.obj
                0x08009d80                _lseek
 .text.SystemInit
                0x08009d84       0x14 CMakeFiles/HEllOWORLD.elf.dir/Core/Src/system_stm32f4xx.c.obj
                0x08009d84                SystemInit
 .text.MX_TIM2_Init
                0x08009d98       0x70 CMakeFiles/HEllOWORLD.elf.dir/Core/Src/tim.c.obj
                0x08009d98                MX_TIM2_Init
 .text.MX_TIM8_Init
                0x08009e08       0x70 CMakeFiles/HEllOWORLD.elf.dir/Core/Src/tim.c.obj
                0x08009e08                MX_TIM8_Init
 .text.MX_TIM9_Init
                0x08009e78       0x8c CMakeFiles/HEllOWORLD.elf.dir/Core/Src/tim.c.obj
                0x08009e78                MX_TIM9_Init
 .text.HAL_TIM_Base_MspInit
                0x08009f04       0xc0 CMakeFiles/HEllOWORLD.elf.dir/Core/Src/tim.c.obj
                0x08009f04                HAL_TIM_Base_MspInit
 .text.HAL_TIM_PWM_MspInit
                0x08009fc4       0x30 CMakeFiles/HEllOWORLD.elf.dir/Core/Src/tim.c.obj
                0x08009fc4                HAL_TIM_PWM_MspInit
 .text.HAL_TIM_MspPostInit
                0x08009ff4       0x58 CMakeFiles/HEllOWORLD.elf.dir/Core/Src/tim.c.obj
                0x08009ff4                HAL_TIM_MspPostInit
 .text.MX_TIM3_Init
                0x0800a04c       0x80 CMakeFiles/HEllOWORLD.elf.dir/Core/Src/tim.c.obj
                0x0800a04c                MX_TIM3_Init
 .text.MX_USART1_UART_Init
                0x0800a0cc       0x34 CMakeFiles/HEllOWORLD.elf.dir/Core/Src/usart.c.obj
                0x0800a0cc                MX_USART1_UART_Init
 .text.MX_USART3_UART_Init
                0x0800a100       0x34 CMakeFiles/HEllOWORLD.elf.dir/Core/Src/usart.c.obj
                0x0800a100                MX_USART3_UART_Init
 .text.HAL_UART_MspInit
                0x0800a134      0x118 CMakeFiles/HEllOWORLD.elf.dir/Core/Src/usart.c.obj
                0x0800a134                HAL_UART_MspInit
 .text.HAL_InitTick
                0x0800a24c       0x4c CMakeFiles/HEllOWORLD.elf.dir/Drivers/STM32F4xx_HAL_Driver/Src/stm32f4xx_hal.c.obj
                0x0800a24c                HAL_InitTick
 .text.HAL_Init
                0x0800a298       0x34 CMakeFiles/HEllOWORLD.elf.dir/Drivers/STM32F4xx_HAL_Driver/Src/stm32f4xx_hal.c.obj
                0x0800a298                HAL_Init
 .text.HAL_IncTick
                0x0800a2cc       0x18 CMakeFiles/HEllOWORLD.elf.dir/Drivers/STM32F4xx_HAL_Driver/Src/stm32f4xx_hal.c.obj
                0x0800a2cc                HAL_IncTick
 .text.HAL_GetTick
                0x0800a2e4        0xc CMakeFiles/HEllOWORLD.elf.dir/Drivers/STM32F4xx_HAL_Driver/Src/stm32f4xx_hal.c.obj
                0x0800a2e4                HAL_GetTick
 .text.ADC_Init
                0x0800a2f0      0x134 CMakeFiles/HEllOWORLD.elf.dir/Drivers/STM32F4xx_HAL_Driver/Src/stm32f4xx_hal_adc.c.obj
 .text.HAL_ADC_Init
                0x0800a424       0x56 CMakeFiles/HEllOWORLD.elf.dir/Drivers/STM32F4xx_HAL_Driver/Src/stm32f4xx_hal_adc.c.obj
                0x0800a424                HAL_ADC_Init
 *fill*         0x0800a47a        0x2 
 .text.HAL_ADC_Start_DMA
                0x0800a47c      0x19c CMakeFiles/HEllOWORLD.elf.dir/Drivers/STM32F4xx_HAL_Driver/Src/stm32f4xx_hal_adc.c.obj
                0x0800a47c                HAL_ADC_Start_DMA
 .text.HAL_ADC_Stop_DMA
                0x0800a618       0x78 CMakeFiles/HEllOWORLD.elf.dir/Drivers/STM32F4xx_HAL_Driver/Src/stm32f4xx_hal_adc.c.obj
                0x0800a618                HAL_ADC_Stop_DMA
 .text.HAL_ADC_ConvHalfCpltCallback
                0x0800a690        0x2 CMakeFiles/HEllOWORLD.elf.dir/Drivers/STM32F4xx_HAL_Driver/Src/stm32f4xx_hal_adc.c.obj
                0x0800a690                HAL_ADC_ConvHalfCpltCallback
 .text.ADC_DMAHalfConvCplt
                0x0800a692        0xa CMakeFiles/HEllOWORLD.elf.dir/Drivers/STM32F4xx_HAL_Driver/Src/stm32f4xx_hal_adc.c.obj
 .text.HAL_ADC_ErrorCallback
                0x0800a69c        0x2 CMakeFiles/HEllOWORLD.elf.dir/Drivers/STM32F4xx_HAL_Driver/Src/stm32f4xx_hal_adc.c.obj
                0x0800a69c                HAL_ADC_ErrorCallback
 .text.ADC_DMAError
                0x0800a69e       0x16 CMakeFiles/HEllOWORLD.elf.dir/Drivers/STM32F4xx_HAL_Driver/Src/stm32f4xx_hal_adc.c.obj
 .text.ADC_DMAConvCplt
                0x0800a6b4       0x72 CMakeFiles/HEllOWORLD.elf.dir/Drivers/STM32F4xx_HAL_Driver/Src/stm32f4xx_hal_adc.c.obj
 *fill*         0x0800a726        0x2 
 .text.HAL_ADC_ConfigChannel
                0x0800a728      0x198 CMakeFiles/HEllOWORLD.elf.dir/Drivers/STM32F4xx_HAL_Driver/Src/stm32f4xx_hal_adc.c.obj
                0x0800a728                HAL_ADC_ConfigChannel
 .text.HAL_NVIC_SetPriorityGrouping
                0x0800a8c0       0x24 CMakeFiles/HEllOWORLD.elf.dir/Drivers/STM32F4xx_HAL_Driver/Src/stm32f4xx_hal_cortex.c.obj
                0x0800a8c0                HAL_NVIC_SetPriorityGrouping
 .text.HAL_NVIC_SetPriority
                0x0800a8e4       0x70 CMakeFiles/HEllOWORLD.elf.dir/Drivers/STM32F4xx_HAL_Driver/Src/stm32f4xx_hal_cortex.c.obj
                0x0800a8e4                HAL_NVIC_SetPriority
 .text.HAL_NVIC_EnableIRQ
                0x0800a954       0x1c CMakeFiles/HEllOWORLD.elf.dir/Drivers/STM32F4xx_HAL_Driver/Src/stm32f4xx_hal_cortex.c.obj
                0x0800a954                HAL_NVIC_EnableIRQ
 .text.HAL_SYSTICK_Config
                0x0800a970       0x28 CMakeFiles/HEllOWORLD.elf.dir/Drivers/STM32F4xx_HAL_Driver/Src/stm32f4xx_hal_cortex.c.obj
                0x0800a970                HAL_SYSTICK_Config
 .text.HAL_SYSTICK_CLKSourceConfig
                0x0800a998       0x20 CMakeFiles/HEllOWORLD.elf.dir/Drivers/STM32F4xx_HAL_Driver/Src/stm32f4xx_hal_cortex.c.obj
                0x0800a998                HAL_SYSTICK_CLKSourceConfig
 .text.HAL_DAC_Init
                0x0800a9b8       0x24 CMakeFiles/HEllOWORLD.elf.dir/Drivers/STM32F4xx_HAL_Driver/Src/stm32f4xx_hal_dac.c.obj
                0x0800a9b8                HAL_DAC_Init
 .text.HAL_DAC_DMAUnderrunCallbackCh1
                0x0800a9dc        0x2 CMakeFiles/HEllOWORLD.elf.dir/Drivers/STM32F4xx_HAL_Driver/Src/stm32f4xx_hal_dac.c.obj
                0x0800a9dc                HAL_DAC_DMAUnderrunCallbackCh1
 .text.HAL_DAC_IRQHandler
                0x0800a9de       0x70 CMakeFiles/HEllOWORLD.elf.dir/Drivers/STM32F4xx_HAL_Driver/Src/stm32f4xx_hal_dac.c.obj
                0x0800a9de                HAL_DAC_IRQHandler
 .text.HAL_DAC_ConfigChannel
                0x0800aa4e       0x56 CMakeFiles/HEllOWORLD.elf.dir/Drivers/STM32F4xx_HAL_Driver/Src/stm32f4xx_hal_dac.c.obj
                0x0800aa4e                HAL_DAC_ConfigChannel
 .text.HAL_DACEx_DMAUnderrunCallbackCh2
                0x0800aaa4        0x2 CMakeFiles/HEllOWORLD.elf.dir/Drivers/STM32F4xx_HAL_Driver/Src/stm32f4xx_hal_dac_ex.c.obj
                0x0800aaa4                HAL_DACEx_DMAUnderrunCallbackCh2
 .text.DMA_SetConfig
                0x0800aaa6       0x2c CMakeFiles/HEllOWORLD.elf.dir/Drivers/STM32F4xx_HAL_Driver/Src/stm32f4xx_hal_dma.c.obj
 *fill*         0x0800aad2        0x2 
 .text.DMA_CalcBaseAndBitshift
                0x0800aad4       0x44 CMakeFiles/HEllOWORLD.elf.dir/Drivers/STM32F4xx_HAL_Driver/Src/stm32f4xx_hal_dma.c.obj
 .text.DMA_CheckFifoParam
                0x0800ab18       0x8e CMakeFiles/HEllOWORLD.elf.dir/Drivers/STM32F4xx_HAL_Driver/Src/stm32f4xx_hal_dma.c.obj
 *fill*         0x0800aba6        0x2 
 .text.HAL_DMA_Init
                0x0800aba8       0xcc CMakeFiles/HEllOWORLD.elf.dir/Drivers/STM32F4xx_HAL_Driver/Src/stm32f4xx_hal_dma.c.obj
                0x0800aba8                HAL_DMA_Init
 .text.HAL_DMA_Start_IT
                0x0800ac74       0x6a CMakeFiles/HEllOWORLD.elf.dir/Drivers/STM32F4xx_HAL_Driver/Src/stm32f4xx_hal_dma.c.obj
                0x0800ac74                HAL_DMA_Start_IT
 .text.HAL_DMA_Abort
                0x0800acde       0x94 CMakeFiles/HEllOWORLD.elf.dir/Drivers/STM32F4xx_HAL_Driver/Src/stm32f4xx_hal_dma.c.obj
                0x0800acde                HAL_DMA_Abort
 .text.HAL_DMA_Abort_IT
                0x0800ad72       0x26 CMakeFiles/HEllOWORLD.elf.dir/Drivers/STM32F4xx_HAL_Driver/Src/stm32f4xx_hal_dma.c.obj
                0x0800ad72                HAL_DMA_Abort_IT
 .text.HAL_DMA_IRQHandler
                0x0800ad98      0x1dc CMakeFiles/HEllOWORLD.elf.dir/Drivers/STM32F4xx_HAL_Driver/Src/stm32f4xx_hal_dma.c.obj
                0x0800ad98                HAL_DMA_IRQHandler
 .text.HAL_GPIO_Init
                0x0800af74      0x1e4 CMakeFiles/HEllOWORLD.elf.dir/Drivers/STM32F4xx_HAL_Driver/Src/stm32f4xx_hal_gpio.c.obj
                0x0800af74                HAL_GPIO_Init
 .text.HAL_GPIO_WritePin
                0x0800b158        0xc CMakeFiles/HEllOWORLD.elf.dir/Drivers/STM32F4xx_HAL_Driver/Src/stm32f4xx_hal_gpio.c.obj
                0x0800b158                HAL_GPIO_WritePin
 .text.HAL_RCC_OscConfig
                0x0800b164      0x3f8 CMakeFiles/HEllOWORLD.elf.dir/Drivers/STM32F4xx_HAL_Driver/Src/stm32f4xx_hal_rcc.c.obj
                0x0800b164                HAL_RCC_OscConfig
 .text.HAL_RCC_GetSysClockFreq
                0x0800b55c       0xd4 CMakeFiles/HEllOWORLD.elf.dir/Drivers/STM32F4xx_HAL_Driver/Src/stm32f4xx_hal_rcc.c.obj
                0x0800b55c                HAL_RCC_GetSysClockFreq
 .text.HAL_RCC_ClockConfig
                0x0800b630      0x160 CMakeFiles/HEllOWORLD.elf.dir/Drivers/STM32F4xx_HAL_Driver/Src/stm32f4xx_hal_rcc.c.obj
                0x0800b630                HAL_RCC_ClockConfig
 .text.HAL_RCC_GetHCLKFreq
                0x0800b790        0xc CMakeFiles/HEllOWORLD.elf.dir/Drivers/STM32F4xx_HAL_Driver/Src/stm32f4xx_hal_rcc.c.obj
                0x0800b790                HAL_RCC_GetHCLKFreq
 .text.HAL_RCC_GetPCLK1Freq
                0x0800b79c       0x20 CMakeFiles/HEllOWORLD.elf.dir/Drivers/STM32F4xx_HAL_Driver/Src/stm32f4xx_hal_rcc.c.obj
                0x0800b79c                HAL_RCC_GetPCLK1Freq
 .text.HAL_RCC_GetPCLK2Freq
                0x0800b7bc       0x20 CMakeFiles/HEllOWORLD.elf.dir/Drivers/STM32F4xx_HAL_Driver/Src/stm32f4xx_hal_rcc.c.obj
                0x0800b7bc                HAL_RCC_GetPCLK2Freq
 .text.SPI_WaitFlagStateUntilTimeout
                0x0800b7dc       0xd4 CMakeFiles/HEllOWORLD.elf.dir/Drivers/STM32F4xx_HAL_Driver/Src/stm32f4xx_hal_spi.c.obj
 .text.SPI_EndRxTxTransaction
                0x0800b8b0       0x68 CMakeFiles/HEllOWORLD.elf.dir/Drivers/STM32F4xx_HAL_Driver/Src/stm32f4xx_hal_spi.c.obj
 .text.HAL_SPI_Init
                0x0800b918       0xbe CMakeFiles/HEllOWORLD.elf.dir/Drivers/STM32F4xx_HAL_Driver/Src/stm32f4xx_hal_spi.c.obj
                0x0800b918                HAL_SPI_Init
 .text.HAL_SPI_TransmitReceive
                0x0800b9d6      0x238 CMakeFiles/HEllOWORLD.elf.dir/Drivers/STM32F4xx_HAL_Driver/Src/stm32f4xx_hal_spi.c.obj
                0x0800b9d6                HAL_SPI_TransmitReceive
 .text.HAL_SRAM_Init
                0x0800bc0e       0x58 CMakeFiles/HEllOWORLD.elf.dir/Drivers/STM32F4xx_HAL_Driver/Src/stm32f4xx_hal_sram.c.obj
                0x0800bc0e                HAL_SRAM_Init
 *fill*         0x0800bc66        0x2 
 .text.TIM_OC1_SetConfig
                0x0800bc68       0x68 CMakeFiles/HEllOWORLD.elf.dir/Drivers/STM32F4xx_HAL_Driver/Src/stm32f4xx_hal_tim.c.obj
 .text.TIM_OC3_SetConfig
                0x0800bcd0       0x70 CMakeFiles/HEllOWORLD.elf.dir/Drivers/STM32F4xx_HAL_Driver/Src/stm32f4xx_hal_tim.c.obj
 .text.TIM_OC4_SetConfig
                0x0800bd40       0x50 CMakeFiles/HEllOWORLD.elf.dir/Drivers/STM32F4xx_HAL_Driver/Src/stm32f4xx_hal_tim.c.obj
 .text.TIM_TI1_ConfigInputStage
                0x0800bd90       0x26 CMakeFiles/HEllOWORLD.elf.dir/Drivers/STM32F4xx_HAL_Driver/Src/stm32f4xx_hal_tim.c.obj
 .text.TIM_TI2_SetConfig
                0x0800bdb6       0x36 CMakeFiles/HEllOWORLD.elf.dir/Drivers/STM32F4xx_HAL_Driver/Src/stm32f4xx_hal_tim.c.obj
 .text.TIM_TI2_ConfigInputStage
                0x0800bdec       0x28 CMakeFiles/HEllOWORLD.elf.dir/Drivers/STM32F4xx_HAL_Driver/Src/stm32f4xx_hal_tim.c.obj
 .text.TIM_TI3_SetConfig
                0x0800be14       0x36 CMakeFiles/HEllOWORLD.elf.dir/Drivers/STM32F4xx_HAL_Driver/Src/stm32f4xx_hal_tim.c.obj
 .text.TIM_TI4_SetConfig
                0x0800be4a       0x36 CMakeFiles/HEllOWORLD.elf.dir/Drivers/STM32F4xx_HAL_Driver/Src/stm32f4xx_hal_tim.c.obj
 .text.TIM_ITRx_SetConfig
                0x0800be80       0x10 CMakeFiles/HEllOWORLD.elf.dir/Drivers/STM32F4xx_HAL_Driver/Src/stm32f4xx_hal_tim.c.obj
 .text.HAL_TIM_Base_Start
                0x0800be90       0x7c CMakeFiles/HEllOWORLD.elf.dir/Drivers/STM32F4xx_HAL_Driver/Src/stm32f4xx_hal_tim.c.obj
                0x0800be90                HAL_TIM_Base_Start
 .text.HAL_TIM_Base_Stop
                0x0800bf0c       0x28 CMakeFiles/HEllOWORLD.elf.dir/Drivers/STM32F4xx_HAL_Driver/Src/stm32f4xx_hal_tim.c.obj
                0x0800bf0c                HAL_TIM_Base_Stop
 .text.HAL_TIM_IC_MspInit
                0x0800bf34        0x2 CMakeFiles/HEllOWORLD.elf.dir/Drivers/STM32F4xx_HAL_Driver/Src/stm32f4xx_hal_tim.c.obj
                0x0800bf34                HAL_TIM_IC_MspInit
 .text.HAL_TIM_OC_DelayElapsedCallback
                0x0800bf36        0x2 CMakeFiles/HEllOWORLD.elf.dir/Drivers/STM32F4xx_HAL_Driver/Src/stm32f4xx_hal_tim.c.obj
                0x0800bf36                HAL_TIM_OC_DelayElapsedCallback
 .text.HAL_TIM_IC_CaptureCallback
                0x0800bf38        0x2 CMakeFiles/HEllOWORLD.elf.dir/Drivers/STM32F4xx_HAL_Driver/Src/stm32f4xx_hal_tim.c.obj
                0x0800bf38                HAL_TIM_IC_CaptureCallback
 .text.HAL_TIM_PWM_PulseFinishedCallback
                0x0800bf3a        0x2 CMakeFiles/HEllOWORLD.elf.dir/Drivers/STM32F4xx_HAL_Driver/Src/stm32f4xx_hal_tim.c.obj
                0x0800bf3a                HAL_TIM_PWM_PulseFinishedCallback
 .text.HAL_TIM_TriggerCallback
                0x0800bf3c        0x2 CMakeFiles/HEllOWORLD.elf.dir/Drivers/STM32F4xx_HAL_Driver/Src/stm32f4xx_hal_tim.c.obj
                0x0800bf3c                HAL_TIM_TriggerCallback
 .text.HAL_TIM_IRQHandler
                0x0800bf3e      0x17a CMakeFiles/HEllOWORLD.elf.dir/Drivers/STM32F4xx_HAL_Driver/Src/stm32f4xx_hal_tim.c.obj
                0x0800bf3e                HAL_TIM_IRQHandler
 .text.TIM_Base_SetConfig
                0x0800c0b8       0xc8 CMakeFiles/HEllOWORLD.elf.dir/Drivers/STM32F4xx_HAL_Driver/Src/stm32f4xx_hal_tim.c.obj
                0x0800c0b8                TIM_Base_SetConfig
 .text.HAL_TIM_Base_Init
                0x0800c180       0x58 CMakeFiles/HEllOWORLD.elf.dir/Drivers/STM32F4xx_HAL_Driver/Src/stm32f4xx_hal_tim.c.obj
                0x0800c180                HAL_TIM_Base_Init
 .text.HAL_TIM_PWM_Init
                0x0800c1d8       0x58 CMakeFiles/HEllOWORLD.elf.dir/Drivers/STM32F4xx_HAL_Driver/Src/stm32f4xx_hal_tim.c.obj
                0x0800c1d8                HAL_TIM_PWM_Init
 .text.HAL_TIM_IC_Init
                0x0800c230       0x58 CMakeFiles/HEllOWORLD.elf.dir/Drivers/STM32F4xx_HAL_Driver/Src/stm32f4xx_hal_tim.c.obj
                0x0800c230                HAL_TIM_IC_Init
 .text.TIM_OC2_SetConfig
                0x0800c288       0x70 CMakeFiles/HEllOWORLD.elf.dir/Drivers/STM32F4xx_HAL_Driver/Src/stm32f4xx_hal_tim.c.obj
                0x0800c288                TIM_OC2_SetConfig
 .text.HAL_TIM_PWM_ConfigChannel
                0x0800c2f8       0xdc CMakeFiles/HEllOWORLD.elf.dir/Drivers/STM32F4xx_HAL_Driver/Src/stm32f4xx_hal_tim.c.obj
                0x0800c2f8                HAL_TIM_PWM_ConfigChannel
 .text.TIM_TI1_SetConfig
                0x0800c3d4       0x7c CMakeFiles/HEllOWORLD.elf.dir/Drivers/STM32F4xx_HAL_Driver/Src/stm32f4xx_hal_tim.c.obj
                0x0800c3d4                TIM_TI1_SetConfig
 .text.HAL_TIM_IC_ConfigChannel
                0x0800c450       0xc4 CMakeFiles/HEllOWORLD.elf.dir/Drivers/STM32F4xx_HAL_Driver/Src/stm32f4xx_hal_tim.c.obj
                0x0800c450                HAL_TIM_IC_ConfigChannel
 .text.TIM_ETR_SetConfig
                0x0800c514       0x1a CMakeFiles/HEllOWORLD.elf.dir/Drivers/STM32F4xx_HAL_Driver/Src/stm32f4xx_hal_tim.c.obj
                0x0800c514                TIM_ETR_SetConfig
 .text.HAL_TIM_ConfigClockSource
                0x0800c52e       0xfe CMakeFiles/HEllOWORLD.elf.dir/Drivers/STM32F4xx_HAL_Driver/Src/stm32f4xx_hal_tim.c.obj
                0x0800c52e                HAL_TIM_ConfigClockSource
 .text.HAL_TIMEx_MasterConfigSynchronization
                0x0800c62c       0x8c CMakeFiles/HEllOWORLD.elf.dir/Drivers/STM32F4xx_HAL_Driver/Src/stm32f4xx_hal_tim_ex.c.obj
                0x0800c62c                HAL_TIMEx_MasterConfigSynchronization
 .text.HAL_TIMEx_CommutCallback
                0x0800c6b8        0x2 CMakeFiles/HEllOWORLD.elf.dir/Drivers/STM32F4xx_HAL_Driver/Src/stm32f4xx_hal_tim_ex.c.obj
                0x0800c6b8                HAL_TIMEx_CommutCallback
 .text.HAL_TIMEx_BreakCallback
                0x0800c6ba        0x2 CMakeFiles/HEllOWORLD.elf.dir/Drivers/STM32F4xx_HAL_Driver/Src/stm32f4xx_hal_tim_ex.c.obj
                0x0800c6ba                HAL_TIMEx_BreakCallback
 .text.UART_EndRxTransfer
                0x0800c6bc       0x5c CMakeFiles/HEllOWORLD.elf.dir/Drivers/STM32F4xx_HAL_Driver/Src/stm32f4xx_hal_uart.c.obj
 .text.UART_Transmit_IT
                0x0800c718       0x60 CMakeFiles/HEllOWORLD.elf.dir/Drivers/STM32F4xx_HAL_Driver/Src/stm32f4xx_hal_uart.c.obj
 .text.UART_SetConfig
                0x0800c778      0x110 CMakeFiles/HEllOWORLD.elf.dir/Drivers/STM32F4xx_HAL_Driver/Src/stm32f4xx_hal_uart.c.obj
 .text.UART_WaitOnFlagUntilTimeout
                0x0800c888       0x88 CMakeFiles/HEllOWORLD.elf.dir/Drivers/STM32F4xx_HAL_Driver/Src/stm32f4xx_hal_uart.c.obj
 .text.HAL_UART_Init
                0x0800c910       0x5e CMakeFiles/HEllOWORLD.elf.dir/Drivers/STM32F4xx_HAL_Driver/Src/stm32f4xx_hal_uart.c.obj
                0x0800c910                HAL_UART_Init
 .text.HAL_UART_Transmit
                0x0800c96e       0xd8 CMakeFiles/HEllOWORLD.elf.dir/Drivers/STM32F4xx_HAL_Driver/Src/stm32f4xx_hal_uart.c.obj
                0x0800c96e                HAL_UART_Transmit
 .text.HAL_UART_Receive
                0x0800ca46       0xe4 CMakeFiles/HEllOWORLD.elf.dir/Drivers/STM32F4xx_HAL_Driver/Src/stm32f4xx_hal_uart.c.obj
                0x0800ca46                HAL_UART_Receive
 .text.HAL_UART_TxCpltCallback
                0x0800cb2a        0x2 CMakeFiles/HEllOWORLD.elf.dir/Drivers/STM32F4xx_HAL_Driver/Src/stm32f4xx_hal_uart.c.obj
                0x0800cb2a                HAL_UART_TxCpltCallback
 .text.UART_EndTransmit_IT
                0x0800cb2c       0x1a CMakeFiles/HEllOWORLD.elf.dir/Drivers/STM32F4xx_HAL_Driver/Src/stm32f4xx_hal_uart.c.obj
 .text.HAL_UART_RxCpltCallback
                0x0800cb46        0x2 CMakeFiles/HEllOWORLD.elf.dir/Drivers/STM32F4xx_HAL_Driver/Src/stm32f4xx_hal_uart.c.obj
                0x0800cb46                HAL_UART_RxCpltCallback
 .text.HAL_UART_ErrorCallback
                0x0800cb48        0x2 CMakeFiles/HEllOWORLD.elf.dir/Drivers/STM32F4xx_HAL_Driver/Src/stm32f4xx_hal_uart.c.obj
                0x0800cb48                HAL_UART_ErrorCallback
 .text.UART_DMAAbortOnError
                0x0800cb4a       0x10 CMakeFiles/HEllOWORLD.elf.dir/Drivers/STM32F4xx_HAL_Driver/Src/stm32f4xx_hal_uart.c.obj
 .text.HAL_UARTEx_RxEventCallback
                0x0800cb5a        0x2 CMakeFiles/HEllOWORLD.elf.dir/Drivers/STM32F4xx_HAL_Driver/Src/stm32f4xx_hal_uart.c.obj
                0x0800cb5a                HAL_UARTEx_RxEventCallback
 .text.UART_Receive_IT
                0x0800cb5c       0xe2 CMakeFiles/HEllOWORLD.elf.dir/Drivers/STM32F4xx_HAL_Driver/Src/stm32f4xx_hal_uart.c.obj
 *fill*         0x0800cc3e        0x2 
 .text.HAL_UART_IRQHandler
                0x0800cc40      0x280 CMakeFiles/HEllOWORLD.elf.dir/Drivers/STM32F4xx_HAL_Driver/Src/stm32f4xx_hal_uart.c.obj
                0x0800cc40                HAL_UART_IRQHandler
 .text.FSMC_NORSRAM_Init
                0x0800cec0       0x6c CMakeFiles/HEllOWORLD.elf.dir/Drivers/STM32F4xx_HAL_Driver/Src/stm32f4xx_ll_fsmc.c.obj
                0x0800cec0                FSMC_NORSRAM_Init
 .text.FSMC_NORSRAM_Timing_Init
                0x0800cf2c       0x44 CMakeFiles/HEllOWORLD.elf.dir/Drivers/STM32F4xx_HAL_Driver/Src/stm32f4xx_ll_fsmc.c.obj
                0x0800cf2c                FSMC_NORSRAM_Timing_Init
 .text.FSMC_NORSRAM_Extended_Timing_Init
                0x0800cf70       0x44 CMakeFiles/HEllOWORLD.elf.dir/Drivers/STM32F4xx_HAL_Driver/Src/stm32f4xx_ll_fsmc.c.obj
                0x0800cf70                FSMC_NORSRAM_Extended_Timing_Init
 .text.hardware_init
                0x0800cfb4       0xa4 CMakeFiles/HEllOWORLD.elf.dir/HardWare/config/hardware.cpp.obj
                0x0800cfb4                hardware_init
 .text._lcd_wr_regno
                0x0800d058        0xc CMakeFiles/HEllOWORLD.elf.dir/HardWare/lcd/lcd.c.obj
                0x0800d058                _lcd_wr_regno
 .text._lcd_wr_data
                0x0800d064        0xc CMakeFiles/HEllOWORLD.elf.dir/HardWare/lcd/lcd.c.obj
                0x0800d064                _lcd_wr_data
 .text.lcd_write_reg
                0x0800d070       0x10 CMakeFiles/HEllOWORLD.elf.dir/HardWare/lcd/lcd.c.obj
                0x0800d070                lcd_write_reg
 .text.lcd_rd_data
                0x0800d080       0x1c CMakeFiles/HEllOWORLD.elf.dir/HardWare/lcd/lcd.c.obj
                0x0800d080                lcd_rd_data
 .text._lcd_r_regno
                0x0800d09c       0x12 CMakeFiles/HEllOWORLD.elf.dir/HardWare/lcd/lcd.c.obj
                0x0800d09c                _lcd_r_regno
 *fill*         0x0800d0ae        0x2 
 .text.lcd_write_ram_prepare
                0x0800d0b0       0x10 CMakeFiles/HEllOWORLD.elf.dir/HardWare/lcd/lcd.c.obj
                0x0800d0b0                lcd_write_ram_prepare
 .text.lcd_set_cursor
                0x0800d0c0       0x34 CMakeFiles/HEllOWORLD.elf.dir/HardWare/lcd/lcd.c.obj
                0x0800d0c0                lcd_set_cursor
 .text.lcd_draw_point
                0x0800d0f4       0x14 CMakeFiles/HEllOWORLD.elf.dir/HardWare/lcd/lcd.c.obj
                0x0800d0f4                lcd_draw_point
 .text._lcd_clear
                0x0800d108       0x48 CMakeFiles/HEllOWORLD.elf.dir/HardWare/lcd/lcd.c.obj
                0x0800d108                _lcd_clear
 .text.lcd_fill
                0x0800d150       0x44 CMakeFiles/HEllOWORLD.elf.dir/HardWare/lcd/lcd.c.obj
                0x0800d150                lcd_fill
 .text.lcd_scan_dir
                0x0800d194       0xa4 CMakeFiles/HEllOWORLD.elf.dir/HardWare/lcd/lcd.c.obj
                0x0800d194                lcd_scan_dir
 .text.lcd_display_dir
                0x0800d238       0xb8 CMakeFiles/HEllOWORLD.elf.dir/HardWare/lcd/lcd.c.obj
                0x0800d238                lcd_display_dir
 .text.lcd_init
                0x0800d2f0       0x9c CMakeFiles/HEllOWORLD.elf.dir/HardWare/lcd/lcd.c.obj
                0x0800d2f0                lcd_init
 .text._lcd_ex_ili9341_reginit
                0x0800d38c      0x22c CMakeFiles/HEllOWORLD.elf.dir/HardWare/lcd/lcd_ex.c.obj
                0x0800d38c                _lcd_ex_ili9341_reginit
 .text._lcd_show_char
                0x0800d5b8      0x124 CMakeFiles/HEllOWORLD.elf.dir/HardWare/lcd/lcdlib.c.obj
                0x0800d5b8                _lcd_show_char
 .text._lcd_show_string
                0x0800d6dc       0xb0 CMakeFiles/HEllOWORLD.elf.dir/HardWare/lcd/lcdlib.c.obj
                0x0800d6dc                _lcd_show_string
 .text._lcd_pow
                0x0800d78c       0x16 CMakeFiles/HEllOWORLD.elf.dir/HardWare/lcd/lcdlib.c.obj
                0x0800d78c                _lcd_pow
 *fill*         0x0800d7a2        0x2 
 .text._lcd_show_num
                0x0800d7a4      0x10c CMakeFiles/HEllOWORLD.elf.dir/HardWare/lcd/lcdlib.c.obj
                0x0800d7a4                _lcd_show_num
 .text.lcd_draw_hline
                0x0800d8b0       0x38 CMakeFiles/HEllOWORLD.elf.dir/HardWare/lcd/lcdlib.c.obj
                0x0800d8b0                lcd_draw_hline
 .text.lcd_draw_circle
                0x0800d8e8       0xe0 CMakeFiles/HEllOWORLD.elf.dir/HardWare/lcd/lcdlib.c.obj
                0x0800d8e8                lcd_draw_circle
 .text.lcd_draw_line
                0x0800d9c8       0xa6 CMakeFiles/HEllOWORLD.elf.dir/HardWare/lcd/lcdlib.c.obj
                0x0800d9c8                lcd_draw_line
 .text.lcd_draw_rectangle
                0x0800da6e       0x52 CMakeFiles/HEllOWORLD.elf.dir/HardWare/lcd/lcdlib.c.obj
                0x0800da6e                lcd_draw_rectangle
 .text.lcd_show_string_config
                0x0800dac0       0x86 CMakeFiles/HEllOWORLD.elf.dir/HardWare/lcd/lcdlib.c.obj
                0x0800dac0                lcd_show_string_config
 *fill*         0x0800db46        0x2 
 .text.TP_Write_Byte
                0x0800db48       0x48 CMakeFiles/HEllOWORLD.elf.dir/HardWare/touch/touch.c.obj
                0x0800db48                TP_Write_Byte
 .text.TP_Read_AD
                0x0800db90       0x78 CMakeFiles/HEllOWORLD.elf.dir/HardWare/touch/touch.c.obj
                0x0800db90                TP_Read_AD
 .text.TP_Read_XOY
                0x0800dc08       0x98 CMakeFiles/HEllOWORLD.elf.dir/HardWare/touch/touch.c.obj
                0x0800dc08                TP_Read_XOY
 .text.TP_Read_XY
                0x0800dca0       0x28 CMakeFiles/HEllOWORLD.elf.dir/HardWare/touch/touch.c.obj
                0x0800dca0                TP_Read_XY
 .text.TP_Read_XY2
                0x0800dcc8       0x8c CMakeFiles/HEllOWORLD.elf.dir/HardWare/touch/touch.c.obj
                0x0800dcc8                TP_Read_XY2
 .text.TP_Scan  0x0800dd54       0xd0 CMakeFiles/HEllOWORLD.elf.dir/HardWare/touch/touch.c.obj
                0x0800dd54                TP_Scan
 .text.TP_Drow_Touch_Point
                0x0800de24       0x8a CMakeFiles/HEllOWORLD.elf.dir/HardWare/touch/touch.c.obj
                0x0800de24                TP_Drow_Touch_Point
 *fill*         0x0800deae        0x2 
 .text.TP_Save_Adjdata
                0x0800deb0       0x88 CMakeFiles/HEllOWORLD.elf.dir/HardWare/touch/touch.c.obj
                0x0800deb0                TP_Save_Adjdata
 .text.TP_Get_Adjdata
                0x0800df38       0xd0 CMakeFiles/HEllOWORLD.elf.dir/HardWare/touch/touch.c.obj
                0x0800df38                TP_Get_Adjdata
 .text.TP_Adj_Info_Show
                0x0800e008      0x1f0 CMakeFiles/HEllOWORLD.elf.dir/HardWare/touch/touch.c.obj
                0x0800e008                TP_Adj_Info_Show
 .text.TP_Adjust
                0x0800e1f8      0x620 CMakeFiles/HEllOWORLD.elf.dir/HardWare/touch/touch.c.obj
                0x0800e1f8                TP_Adjust
 .text.TP_Init  0x0800e818       0x54 CMakeFiles/HEllOWORLD.elf.dir/HardWare/touch/touch.c.obj
                0x0800e818                TP_Init
 .text.SPI1_ReadWriteByte
                0x0800e86c       0x2c CMakeFiles/HEllOWORLD.elf.dir/HardWare/w25qxx/w25qxx.c.obj
                0x0800e86c                SPI1_ReadWriteByte
 .text.W25QXX_ReadSR
                0x0800e898       0x24 CMakeFiles/HEllOWORLD.elf.dir/HardWare/w25qxx/w25qxx.c.obj
                0x0800e898                W25QXX_ReadSR
 .text.W25QXX_Write_Enable
                0x0800e8bc       0x1c CMakeFiles/HEllOWORLD.elf.dir/HardWare/w25qxx/w25qxx.c.obj
                0x0800e8bc                W25QXX_Write_Enable
 .text.W25QXX_ReadID
                0x0800e8d8       0x44 CMakeFiles/HEllOWORLD.elf.dir/HardWare/w25qxx/w25qxx.c.obj
                0x0800e8d8                W25QXX_ReadID
 .text.W25QXX_Init
                0x0800e91c       0x1c CMakeFiles/HEllOWORLD.elf.dir/HardWare/w25qxx/w25qxx.c.obj
                0x0800e91c                W25QXX_Init
 .text.W25QXX_Read
                0x0800e938       0x4c CMakeFiles/HEllOWORLD.elf.dir/HardWare/w25qxx/w25qxx.c.obj
                0x0800e938                W25QXX_Read
 .text.W25QXX_Wait_Busy
                0x0800e984        0xe CMakeFiles/HEllOWORLD.elf.dir/HardWare/w25qxx/w25qxx.c.obj
                0x0800e984                W25QXX_Wait_Busy
 *fill*         0x0800e992        0x2 
 .text.W25QXX_Write_Page
                0x0800e994       0x54 CMakeFiles/HEllOWORLD.elf.dir/HardWare/w25qxx/w25qxx.c.obj
                0x0800e994                W25QXX_Write_Page
 .text.W25QXX_Write_NoCheck
                0x0800e9e8       0x3e CMakeFiles/HEllOWORLD.elf.dir/HardWare/w25qxx/w25qxx.c.obj
                0x0800e9e8                W25QXX_Write_NoCheck
 *fill*         0x0800ea26        0x2 
 .text.W25QXX_Erase_Sector
                0x0800ea28       0x50 CMakeFiles/HEllOWORLD.elf.dir/HardWare/w25qxx/w25qxx.c.obj
                0x0800ea28                W25QXX_Erase_Sector
 .text.W25QXX_Write
                0x0800ea78       0xa4 CMakeFiles/HEllOWORLD.elf.dir/HardWare/w25qxx/w25qxx.c.obj
                0x0800ea78                W25QXX_Write
 .text._ZN16SignalPeripheral4initEv
                0x0800eb1c        0x2 CMakeFiles/HEllOWORLD.elf.dir/Platform/Adc/My_Adc.cpp.obj
                0x0800eb1c                SignalPeripheral::init()
 *fill*         0x0800eb1e        0x2 
 .text._ZN6My_Adc4initEmy
                0x0800eb20       0x48 CMakeFiles/HEllOWORLD.elf.dir/Platform/Adc/My_Adc.cpp.obj
                0x0800eb20                My_Adc::init(unsigned long, unsigned long long)
 .text._ZN6My_Adc5startEv
                0x0800eb68       0x28 CMakeFiles/HEllOWORLD.elf.dir/Platform/Adc/My_Adc.cpp.obj
                0x0800eb68                My_Adc::start()
 .text._ZN6My_Adc4stopEv
                0x0800eb90       0x20 CMakeFiles/HEllOWORLD.elf.dir/Platform/Adc/My_Adc.cpp.obj
                0x0800eb90                My_Adc::stop()
 .text.HAL_ADC_ConvCpltCallback
                0x0800ebb0       0x6c CMakeFiles/HEllOWORLD.elf.dir/Platform/Adc/My_Adc.cpp.obj
                0x0800ebb0                HAL_ADC_ConvCpltCallback
 .text._ZN6My_Adc11is_finishedEv
                0x0800ec1c        0xc CMakeFiles/HEllOWORLD.elf.dir/Platform/Adc/My_Adc.cpp.obj
                0x0800ec1c                My_Adc::is_finished()
 .text._ZN6My_Adc10get_signalEh11ADC_CHANNELPm
                0x0800ec28       0x26 CMakeFiles/HEllOWORLD.elf.dir/Platform/Adc/My_Adc.cpp.obj
                0x0800ec28                My_Adc::get_signal(unsigned char, ADC_CHANNEL, unsigned long*)
 .text._ZN16SignalPeripheral4initEmy
                0x0800ec4e        0x8 CMakeFiles/HEllOWORLD.elf.dir/Platform/Dac/My_Dac.cpp.obj
                0x0800ec4e                SignalPeripheral::init(unsigned long, unsigned long long)
 *fill*         0x0800ec56        0x2 
 .text._ZN16SignalPeripheral16calc_tim_arr_pscEv
                0x0800ec58      0xe40 CMakeFiles/HEllOWORLD.elf.dir/Platform/Peripheral/SignalPeripheral.cpp.obj
                0x0800ec58                SignalPeripheral::calc_tim_arr_psc()
 .text._ZN15AdvancedMeasure14get_samplerateEv
                0x0800fa98        0xa CMakeFiles/HEllOWORLD.elf.dir/Platform/SignalProcess/AdvancedMeasure/AdvancedMeasure.cpp.obj
                0x0800fa98                AdvancedMeasure::get_samplerate()
 .text._ZN15AdvancedMeasure4initER6My_Adc
                0x0800faa2       0x18 CMakeFiles/HEllOWORLD.elf.dir/Platform/SignalProcess/AdvancedMeasure/AdvancedMeasure.cpp.obj
                0x0800faa2                AdvancedMeasure::init(My_Adc&)
 .text._ZN15AdvancedMeasure4initEPmm
                0x0800faba       0x14 CMakeFiles/HEllOWORLD.elf.dir/Platform/SignalProcess/AdvancedMeasure/AdvancedMeasure.cpp.obj
                0x0800faba                AdvancedMeasure::init(unsigned long*, unsigned long)
 .text._ZN15AdvancedMeasure13apply_windowsEv
                0x0800face        0xc CMakeFiles/HEllOWORLD.elf.dir/Platform/SignalProcess/AdvancedMeasure/AdvancedMeasure.cpp.obj
                0x0800face                AdvancedMeasure::apply_windows()
 .text._ZN15AdvancedMeasure7fft_armEv
                0x0800fada        0xc CMakeFiles/HEllOWORLD.elf.dir/Platform/SignalProcess/AdvancedMeasure/AdvancedMeasure.cpp.obj
                0x0800fada                AdvancedMeasure::fft_arm()
 .text._ZN15AdvancedMeasure6filterE11Filter_Type
                0x0800fae6        0xc CMakeFiles/HEllOWORLD.elf.dir/Platform/SignalProcess/AdvancedMeasure/AdvancedMeasure.cpp.obj
                0x0800fae6                AdvancedMeasure::filter(Filter_Type)
 .text._ZN15AdvancedMeasure15release_windowsEv
                0x0800faf2        0xc CMakeFiles/HEllOWORLD.elf.dir/Platform/SignalProcess/AdvancedMeasure/AdvancedMeasure.cpp.obj
                0x0800faf2                AdvancedMeasure::release_windows()
 .text._ZN15AdvancedMeasure13convert_to_mvEv
                0x0800fafe        0xc CMakeFiles/HEllOWORLD.elf.dir/Platform/SignalProcess/AdvancedMeasure/AdvancedMeasure.cpp.obj
                0x0800fafe                AdvancedMeasure::convert_to_mv()
 .text._ZN15AdvancedMeasure9normalizeEm
                0x0800fb0a        0xc CMakeFiles/HEllOWORLD.elf.dir/Platform/SignalProcess/AdvancedMeasure/AdvancedMeasure.cpp.obj
                0x0800fb0a                AdvancedMeasure::normalize(unsigned long)
 .text._ZN15AdvancedMeasure7deal_DCEv
                0x0800fb16        0xc CMakeFiles/HEllOWORLD.elf.dir/Platform/SignalProcess/AdvancedMeasure/AdvancedMeasure.cpp.obj
                0x0800fb16                AdvancedMeasure::deal_DC()
 .text._ZN15AdvancedMeasure7fft_magEv
                0x0800fb22        0xc CMakeFiles/HEllOWORLD.elf.dir/Platform/SignalProcess/AdvancedMeasure/AdvancedMeasure.cpp.obj
                0x0800fb22                AdvancedMeasure::fft_mag()
 .text._ZN15AdvancedMeasure9fft_phaseEv
                0x0800fb2e        0xc CMakeFiles/HEllOWORLD.elf.dir/Platform/SignalProcess/AdvancedMeasure/AdvancedMeasure.cpp.obj
                0x0800fb2e                AdvancedMeasure::fft_phase()
 .text._ZN15AdvancedMeasure8ifft_armEv
                0x0800fb3a        0xc CMakeFiles/HEllOWORLD.elf.dir/Platform/SignalProcess/AdvancedMeasure/AdvancedMeasure.cpp.obj
                0x0800fb3a                AdvancedMeasure::ifft_arm()
 .text._ZN12BasicMeasure16get_peak_to_peakEv
                0x0800fb46       0x38 CMakeFiles/HEllOWORLD.elf.dir/Platform/SignalProcess/BasicMeasure/BasicMeasure.cpp.obj
                0x0800fb46                BasicMeasure::get_peak_to_peak()
 .text._ZN12BasicMeasure7get_rmsEv
                0x0800fb7e       0x20 CMakeFiles/HEllOWORLD.elf.dir/Platform/SignalProcess/BasicMeasure/BasicMeasure.cpp.obj
                0x0800fb7e                BasicMeasure::get_rms()
 .text._ZN12BasicMeasure7get_maxEv
                0x0800fb9e        0x8 CMakeFiles/HEllOWORLD.elf.dir/Platform/SignalProcess/BasicMeasure/BasicMeasure.cpp.obj
                0x0800fb9e                BasicMeasure::get_max()
 .text._ZN12BasicMeasure7get_minEv
                0x0800fba6        0x8 CMakeFiles/HEllOWORLD.elf.dir/Platform/SignalProcess/BasicMeasure/BasicMeasure.cpp.obj
                0x0800fba6                BasicMeasure::get_min()
 *fill*         0x0800fbae        0x2 
 .text.InitTableFFT
                0x0800fbb0       0x68 CMakeFiles/HEllOWORLD.elf.dir/Platform/SignalProcess/FFT/My_fft.cpp.obj
                0x0800fbb0                InitTableFFT
 .text._cfft    0x0800fc18      0x104 CMakeFiles/HEllOWORLD.elf.dir/Platform/SignalProcess/FFT/My_fft.cpp.obj
                0x0800fc18                _cfft
 .text._Z8cfft_armPfmhhS_
                0x0800fd1c      0x108 CMakeFiles/HEllOWORLD.elf.dir/Platform/SignalProcess/FFT/My_fft.cpp.obj
                0x0800fd1c                cfft_arm(float*, unsigned long, unsigned char, unsigned char, float*)
 .text._Z12cfft_f32_magPf
                0x0800fe24       0x88 CMakeFiles/HEllOWORLD.elf.dir/Platform/SignalProcess/FFT/My_fft.cpp.obj
                0x0800fe24                cfft_f32_mag(float*)
 .text._ZN17SignalProcessBase7fft_armEv
                0x0800feac       0x1e CMakeFiles/HEllOWORLD.elf.dir/Platform/SignalProcess/FFT/My_fft.cpp.obj
                0x0800feac                SignalProcessBase::fft_arm()
 .text._ZN17SignalProcessBase8ifft_armEv
                0x0800feca       0x1e CMakeFiles/HEllOWORLD.elf.dir/Platform/SignalProcess/FFT/My_fft.cpp.obj
                0x0800feca                SignalProcessBase::ifft_arm()
 .text._ZN17SignalProcessBase7fft_magEv
                0x0800fee8        0xe CMakeFiles/HEllOWORLD.elf.dir/Platform/SignalProcess/FFT/My_fft.cpp.obj
                0x0800fee8                SignalProcessBase::fft_mag()
 *fill*         0x0800fef6        0x2 
 .text._Z21PowerPhaseRadians_f32P5compxtf
                0x0800fef8       0x88 CMakeFiles/HEllOWORLD.elf.dir/Platform/SignalProcess/FFT/My_fft.cpp.obj
                0x0800fef8                PowerPhaseRadians_f32(compx*, unsigned short, float)
 .text._Z14cfft_f32_phasePf
                0x0800ff80       0x62 CMakeFiles/HEllOWORLD.elf.dir/Platform/SignalProcess/FFT/My_fft.cpp.obj
                0x0800ff80                cfft_f32_phase(float*)
 .text._ZN17SignalProcessBase9fft_phaseEv
                0x0800ffe2        0xe CMakeFiles/HEllOWORLD.elf.dir/Platform/SignalProcess/FFT/My_fft.cpp.obj
                0x0800ffe2                SignalProcessBase::fft_phase()
 .text._Z10filter_firPfS_
                0x0800fff0       0x54 CMakeFiles/HEllOWORLD.elf.dir/Platform/SignalProcess/Filter/Filter.cpp.obj
                0x0800fff0                filter_fir(float*, float*)
 .text._ZN17SignalProcessBase6filterE11Filter_Type
                0x08010044       0x10 CMakeFiles/HEllOWORLD.elf.dir/Platform/SignalProcess/Filter/Filter.cpp.obj
                0x08010044                SignalProcessBase::filter(Filter_Type)
 .text._ZN17SignalProcessBase4initER6My_Adc
                0x08010054       0x6e CMakeFiles/HEllOWORLD.elf.dir/Platform/SignalProcess/SignalProcessBase.cpp.obj
                0x08010054                SignalProcessBase::init(My_Adc&)
 .text._ZN17SignalProcessBase4initEPmm
                0x080100c2       0x36 CMakeFiles/HEllOWORLD.elf.dir/Platform/SignalProcess/SignalProcessBase.cpp.obj
                0x080100c2                SignalProcessBase::init(unsigned long*, unsigned long)
 .text._ZN17SignalProcessBase13convert_to_mvEv
                0x080100f8       0x38 CMakeFiles/HEllOWORLD.elf.dir/Platform/SignalProcess/SignalProcessBase.cpp.obj
                0x080100f8                SignalProcessBase::convert_to_mv()
 .text._ZN17SignalProcessBase9normalizeEm
                0x08010130       0x2a CMakeFiles/HEllOWORLD.elf.dir/Platform/SignalProcess/SignalProcessBase.cpp.obj
                0x08010130                SignalProcessBase::normalize(unsigned long)
 *fill*         0x0801015a        0x2 
 .text._ZN17SignalProcessBase7deal_DCEv
                0x0801015c       0x4c CMakeFiles/HEllOWORLD.elf.dir/Platform/SignalProcess/SignalProcessBase.cpp.obj
                0x0801015c                SignalProcessBase::deal_DC()
 .text._ZN17SignalProcessBase14get_samplerateEv
                0x080101a8        0xa CMakeFiles/HEllOWORLD.elf.dir/Platform/SignalProcess/SignalProcessBase.cpp.obj
                0x080101a8                SignalProcessBase::get_samplerate()
 *fill*         0x080101b2        0x2 
 .text._ZN17SignalProcessBase5debugEv
                0x080101b4       0x30 CMakeFiles/HEllOWORLD.elf.dir/Platform/SignalProcess/SignalProcessBase.cpp.obj
                0x080101b4                SignalProcessBase::debug()
 .text._ZN17SignalProcessBase7get_maxEv
                0x080101e4       0x22 CMakeFiles/HEllOWORLD.elf.dir/Platform/SignalProcess/SignalProcessBase.cpp.obj
                0x080101e4                SignalProcessBase::get_max()
 .text._ZN17SignalProcessBase7get_minEv
                0x08010206       0x22 CMakeFiles/HEllOWORLD.elf.dir/Platform/SignalProcess/SignalProcessBase.cpp.obj
                0x08010206                SignalProcessBase::get_min()
 .text._Z20convert_to_analog_mvf
                0x08010228       0x18 CMakeFiles/HEllOWORLD.elf.dir/Platform/SignalProcess/SignalProcessBase.cpp.obj
                0x08010228                convert_to_analog_mv(float)
 .text._ZN17SignalProcessBase13apply_windowsEv
                0x08010240       0x3e CMakeFiles/HEllOWORLD.elf.dir/Platform/SignalProcess/Windows/Windows.cpp.obj
                0x08010240                SignalProcessBase::apply_windows()
 .text._ZN17SignalProcessBase15release_windowsEv
                0x0801027e       0x1e CMakeFiles/HEllOWORLD.elf.dir/Platform/SignalProcess/Windows/Windows.cpp.obj
                0x0801027e                SignalProcessBase::release_windows()
 .text.HAL_TIM_PeriodElapsedCallback
                0x0801029c       0x44 CMakeFiles/HEllOWORLD.elf.dir/Platform/Spwm/My_Spwm.cpp.obj
                0x0801029c                HAL_TIM_PeriodElapsedCallback
 .text._ZN12GraphWindows12add_ref_axisEt
                0x080102e0       0x70 CMakeFiles/HEllOWORLD.elf.dir/Screen/GraphWindows.cpp.obj
                0x080102e0                GraphWindows::add_ref_axis(unsigned short)
 .text._ZN12GraphWindows4mapXEmmmmm
                0x08010350       0x1e CMakeFiles/HEllOWORLD.elf.dir/Screen/GraphWindows.cpp.obj
                0x08010350                GraphWindows::mapX(unsigned long, unsigned long, unsigned long, unsigned long, unsigned long)
 .text._ZN12GraphWindows4mapYEmmmmm
                0x0801036e       0x1e CMakeFiles/HEllOWORLD.elf.dir/Screen/GraphWindows.cpp.obj
                0x0801036e                GraphWindows::mapY(unsigned long, unsigned long, unsigned long, unsigned long, unsigned long)
 .text._ZN12GraphWindows5graphER17SignalProcessBasetm
                0x0801038c      0x130 CMakeFiles/HEllOWORLD.elf.dir/Screen/GraphWindows.cpp.obj
                0x0801038c                GraphWindows::graph(SignalProcessBase&, unsigned short, unsigned long)
 .text._ZN12GraphWindows7refreshEv
                0x080104bc        0xc CMakeFiles/HEllOWORLD.elf.dir/Screen/GraphWindows.cpp.obj
                0x080104bc                GraphWindows::refresh()
 .text._ZN12GraphWindows9add_frameEt
                0x080104c8        0xc CMakeFiles/HEllOWORLD.elf.dir/Screen/GraphWindows.cpp.obj
                0x080104c8                GraphWindows::add_frame(unsigned short)
 .text._ZN11InfoWindows10show_basicER12BasicMeasuret
                0x080104d4      0x1c0 CMakeFiles/HEllOWORLD.elf.dir/Screen/InfoWindows.cpp.obj
                0x080104d4                InfoWindows::show_basic(BasicMeasure&, unsigned short)
 .text._ZN11InfoWindows7refreshEv
                0x08010694        0xc CMakeFiles/HEllOWORLD.elf.dir/Screen/InfoWindows.cpp.obj
                0x08010694                InfoWindows::refresh()
 .text._ZN11InfoWindows9add_frameEt
                0x080106a0        0xc CMakeFiles/HEllOWORLD.elf.dir/Screen/InfoWindows.cpp.obj
                0x080106a0                InfoWindows::add_frame(unsigned short)
 .text._ZN4Page4showEv
                0x080106ac        0xa CMakeFiles/HEllOWORLD.elf.dir/Screen/PageWindows.cpp.obj
                0x080106ac                Page::show()
 .text._ZN10ScreenBase7refreshEv
                0x080106b6       0x1c CMakeFiles/HEllOWORLD.elf.dir/Screen/ScreenBase/ScreenBase.cpp.obj
                0x080106b6                ScreenBase::refresh()
 .text._ZN10ScreenBase9add_frameEt
                0x080106d2       0x30 CMakeFiles/HEllOWORLD.elf.dir/Screen/ScreenBase/ScreenBase.cpp.obj
                0x080106d2                ScreenBase::add_frame(unsigned short)
 *fill*         0x08010702        0x2 
 .text._ZN13ScreenWindows8add_textEPKctii
                0x08010704       0x78 CMakeFiles/HEllOWORLD.elf.dir/Screen/ScreenBase/ScreenWindows.cpp.obj
                0x08010704                ScreenWindows::add_text(char const*, unsigned short, int, int)
 .text._ZN13ScreenWindows7refreshEv
                0x0801077c        0xc CMakeFiles/HEllOWORLD.elf.dir/Screen/ScreenBase/ScreenWindows.cpp.obj
                0x0801077c                ScreenWindows::refresh()
 .text._ZN13ScreenWindows9add_frameEt
                0x08010788        0xc CMakeFiles/HEllOWORLD.elf.dir/Screen/ScreenBase/ScreenWindows.cpp.obj
                0x08010788                ScreenWindows::add_frame(unsigned short)
 .text.delay_init
                0x08010794       0x14 CMakeFiles/HEllOWORLD.elf.dir/System/delay/delay.c.obj
                0x08010794                delay_init
 .text.delay_us
                0x080107a8       0x40 CMakeFiles/HEllOWORLD.elf.dir/System/delay/delay.c.obj
                0x080107a8                delay_us
 .text.delay_ms
                0x080107e8       0x18 CMakeFiles/HEllOWORLD.elf.dir/System/delay/delay.c.obj
                0x080107e8                delay_ms
 .text.RetargetInit
                0x08010800       0x20 CMakeFiles/HEllOWORLD.elf.dir/System/usart/retarget.c.obj
                0x08010800                RetargetInit
 .text._write   0x08010820       0x34 CMakeFiles/HEllOWORLD.elf.dir/System/usart/retarget.c.obj
                0x08010820                _write
 .text._read    0x08010854       0x30 CMakeFiles/HEllOWORLD.elf.dir/System/usart/retarget.c.obj
                0x08010854                _read
 .text._Z41__static_initialization_and_destruction_0ii
                0x08010884       0x4c CMakeFiles/HEllOWORLD.elf.dir/Task/Gui.cpp.obj
 .text._Z10get_bottonR13ScreenWindows
                0x080108d0       0x38 CMakeFiles/HEllOWORLD.elf.dir/Task/Gui.cpp.obj
                0x080108d0                get_botton(ScreenWindows&)
 .text._GLOBAL__sub_I_currentPage
                0x08010908        0xe CMakeFiles/HEllOWORLD.elf.dir/Task/Gui.cpp.obj
 *fill*         0x08010916        0x2 
 .text._Z41__static_initialization_and_destruction_0ii
                0x08010918      0x2d0 CMakeFiles/HEllOWORLD.elf.dir/Task/My_Task.cpp.obj
 .text._Z13MainPage_showv
                0x08010be8      0x140 CMakeFiles/HEllOWORLD.elf.dir/Task/My_Task.cpp.obj
                0x08010be8                MainPage_show()
 .text._Z14get_button_numv
                0x08010d28       0xa8 CMakeFiles/HEllOWORLD.elf.dir/Task/My_Task.cpp.obj
                0x08010d28                get_button_num()
 .text._Z12FreqSet_showv
                0x08010dd0      0x37c CMakeFiles/HEllOWORLD.elf.dir/Task/My_Task.cpp.obj
                0x08010dd0                FreqSet_show()
 .text._Z11adc_processv
                0x0801114c       0xc0 CMakeFiles/HEllOWORLD.elf.dir/Task/My_Task.cpp.obj
                0x0801114c                adc_process()
 *fill*         0x0801120c        0x4 
 .text._Z14GraphShow_showv
                0x08011210       0xf0 CMakeFiles/HEllOWORLD.elf.dir/Task/My_Task.cpp.obj
                0x08011210                GraphShow_show()
 .text._GLOBAL__sub_I_Adc
                0x08011300        0xe CMakeFiles/HEllOWORLD.elf.dir/Task/My_Task.cpp.obj
 *fill*         0x0801130e        0x2 
 .text._Z4Initv
                0x08011310       0x18 CMakeFiles/HEllOWORLD.elf.dir/UserApp/init.cpp.obj
                0x08011310                Init()
 .text.Main     0x08011328       0x40 CMakeFiles/HEllOWORLD.elf.dir/UserApp/main.cpp.obj
                0x08011328                Main
 .text.Reset_Handler
                0x08011368       0x50 CMakeFiles/HEllOWORLD.elf.dir/startup/startup_stm32f407xx.s.obj
                0x08011368                Reset_Handler
 .text.Default_Handler
                0x080113b8        0x2 CMakeFiles/HEllOWORLD.elf.dir/startup/startup_stm32f407xx.s.obj
                0x080113b8                RTC_Alarm_IRQHandler
                0x080113b8                HASH_RNG_IRQHandler
                0x080113b8                EXTI2_IRQHandler
                0x080113b8                TIM8_CC_IRQHandler
                0x080113b8                TIM1_CC_IRQHandler
                0x080113b8                DMA2_Stream5_IRQHandler
                0x080113b8                PVD_IRQHandler
                0x080113b8                SDIO_IRQHandler
                0x080113b8                TAMP_STAMP_IRQHandler
                0x080113b8                CAN2_RX1_IRQHandler
                0x080113b8                EXTI3_IRQHandler
                0x080113b8                TIM8_TRG_COM_TIM14_IRQHandler
                0x080113b8                TIM1_UP_TIM10_IRQHandler
                0x080113b8                TIM8_UP_TIM13_IRQHandler
                0x080113b8                I2C3_ER_IRQHandler
                0x080113b8                EXTI0_IRQHandler
                0x080113b8                I2C2_EV_IRQHandler
                0x080113b8                DMA1_Stream2_IRQHandler
                0x080113b8                CAN1_RX0_IRQHandler
                0x080113b8                FPU_IRQHandler
                0x080113b8                OTG_HS_WKUP_IRQHandler
                0x080113b8                CAN2_SCE_IRQHandler
                0x080113b8                SPI1_IRQHandler
                0x080113b8                DCMI_IRQHandler
                0x080113b8                CAN2_RX0_IRQHandler
                0x080113b8                DMA2_Stream3_IRQHandler
                0x080113b8                USART6_IRQHandler
                0x080113b8                CAN1_RX1_IRQHandler
                0x080113b8                UART5_IRQHandler
                0x080113b8                TIM4_IRQHandler
                0x080113b8                I2C1_EV_IRQHandler
                0x080113b8                UART4_IRQHandler
                0x080113b8                TIM3_IRQHandler
                0x080113b8                RCC_IRQHandler
                0x080113b8                TIM8_BRK_TIM12_IRQHandler
                0x080113b8                Default_Handler
                0x080113b8                EXTI15_10_IRQHandler
                0x080113b8                ADC_IRQHandler
                0x080113b8                DMA1_Stream7_IRQHandler
                0x080113b8                TIM7_IRQHandler
                0x080113b8                CAN2_TX_IRQHandler
                0x080113b8                TIM5_IRQHandler
                0x080113b8                DMA2_Stream7_IRQHandler
                0x080113b8                I2C3_EV_IRQHandler
                0x080113b8                EXTI9_5_IRQHandler
                0x080113b8                RTC_WKUP_IRQHandler
                0x080113b8                ETH_WKUP_IRQHandler
                0x080113b8                SPI2_IRQHandler
                0x080113b8                OTG_HS_EP1_IN_IRQHandler
                0x080113b8                DMA1_Stream0_IRQHandler
                0x080113b8                CAN1_TX_IRQHandler
                0x080113b8                EXTI4_IRQHandler
                0x080113b8                FSMC_IRQHandler
                0x080113b8                ETH_IRQHandler
                0x080113b8                OTG_HS_EP1_OUT_IRQHandler
                0x080113b8                WWDG_IRQHandler
                0x080113b8                TIM2_IRQHandler
                0x080113b8                OTG_FS_WKUP_IRQHandler
                0x080113b8                TIM1_TRG_COM_TIM11_IRQHandler
                0x080113b8                OTG_HS_IRQHandler
                0x080113b8                EXTI1_IRQHandler
                0x080113b8                USART2_IRQHandler
                0x080113b8                I2C2_ER_IRQHandler
                0x080113b8                CAN1_SCE_IRQHandler
                0x080113b8                FLASH_IRQHandler
                0x080113b8                DMA2_Stream4_IRQHandler
                0x080113b8                USART1_IRQHandler
                0x080113b8                OTG_FS_IRQHandler
                0x080113b8                SPI3_IRQHandler
                0x080113b8                DMA1_Stream4_IRQHandler
                0x080113b8                I2C1_ER_IRQHandler
                0x080113b8                DMA2_Stream6_IRQHandler
                0x080113b8                DMA1_Stream3_IRQHandler
 *fill*         0x080113ba        0x2 
 .text._ZNK10__cxxabiv117__class_type_info11__do_upcastEPKS0_PPv
                0x080113bc       0x34 c:/mingw/gcc-arm-none-eabi/bin/../lib/gcc/arm-none-eabi/10.3.1/../../../../arm-none-eabi/lib/thumb/v7e-m+fp/hard\libstdc++.a(class_type_info.o)
                0x080113bc                __cxxabiv1::__class_type_info::__do_upcast(__cxxabiv1::__class_type_info const*, void**) const
 .text._ZNK10__cxxabiv117__class_type_info20__do_find_public_srcEiPKvPKS0_S2_
                0x080113f0        0xc c:/mingw/gcc-arm-none-eabi/bin/../lib/gcc/arm-none-eabi/10.3.1/../../../../arm-none-eabi/lib/thumb/v7e-m+fp/hard\libstdc++.a(class_type_info.o)
                0x080113f0                __cxxabiv1::__class_type_info::__do_find_public_src(int, void const*, __cxxabiv1::__class_type_info const*, void const*) const
 .text._ZN10__cxxabiv117__class_type_infoD2Ev
                0x080113fc       0x14 c:/mingw/gcc-arm-none-eabi/bin/../lib/gcc/arm-none-eabi/10.3.1/../../../../arm-none-eabi/lib/thumb/v7e-m+fp/hard\libstdc++.a(class_type_info.o)
                0x080113fc                __cxxabiv1::__class_type_info::~__class_type_info()
                0x080113fc                __cxxabiv1::__class_type_info::~__class_type_info()
 .text._ZN10__cxxabiv117__class_type_infoD0Ev
                0x08011410       0x1c c:/mingw/gcc-arm-none-eabi/bin/../lib/gcc/arm-none-eabi/10.3.1/../../../../arm-none-eabi/lib/thumb/v7e-m+fp/hard\libstdc++.a(class_type_info.o)
                0x08011410                __cxxabiv1::__class_type_info::~__class_type_info()
 .text._ZNK10__cxxabiv117__class_type_info12__do_dyncastEiNS0_10__sub_kindEPKS0_PKvS3_S5_RNS0_16__dyncast_resultE
                0x0801142c       0x44 c:/mingw/gcc-arm-none-eabi/bin/../lib/gcc/arm-none-eabi/10.3.1/../../../../arm-none-eabi/lib/thumb/v7e-m+fp/hard\libstdc++.a(class_type_info.o)
                0x0801142c                __cxxabiv1::__class_type_info::__do_dyncast(int, __cxxabiv1::__class_type_info::__sub_kind, __cxxabiv1::__class_type_info const*, void const*, __cxxabiv1::__class_type_info const*, void const*, __cxxabiv1::__class_type_info::__dyncast_result&) const
 .text._ZNK10__cxxabiv117__class_type_info11__do_upcastEPKS0_PKvRNS0_15__upcast_resultE
                0x08011470       0x1c c:/mingw/gcc-arm-none-eabi/bin/../lib/gcc/arm-none-eabi/10.3.1/../../../../arm-none-eabi/lib/thumb/v7e-m+fp/hard\libstdc++.a(class_type_info.o)
                0x08011470                __cxxabiv1::__class_type_info::__do_upcast(__cxxabiv1::__class_type_info const*, void const*, __cxxabiv1::__class_type_info::__upcast_result&) const
 .text._ZNK10__cxxabiv117__class_type_info10__do_catchEPKSt9type_infoPPvj
                0x0801148c       0x2c c:/mingw/gcc-arm-none-eabi/bin/../lib/gcc/arm-none-eabi/10.3.1/../../../../arm-none-eabi/lib/thumb/v7e-m+fp/hard\libstdc++.a(class_type_info.o)
                0x0801148c                __cxxabiv1::__class_type_info::__do_catch(std::type_info const*, void**, unsigned int) const
 .text._ZdlPvj  0x080114b8        0x4 c:/mingw/gcc-arm-none-eabi/bin/../lib/gcc/arm-none-eabi/10.3.1/../../../../arm-none-eabi/lib/thumb/v7e-m+fp/hard\libstdc++.a(del_ops.o)
                0x080114b8                operator delete(void*, unsigned int)
 .text.__cxa_pure_virtual
                0x080114bc       0x14 c:/mingw/gcc-arm-none-eabi/bin/../lib/gcc/arm-none-eabi/10.3.1/../../../../arm-none-eabi/lib/thumb/v7e-m+fp/hard\libstdc++.a(pure.o)
                0x080114bc                __cxa_pure_virtual
 .text._ZN10__cxxabiv120__si_class_type_infoD2Ev
                0x080114d0       0x14 c:/mingw/gcc-arm-none-eabi/bin/../lib/gcc/arm-none-eabi/10.3.1/../../../../arm-none-eabi/lib/thumb/v7e-m+fp/hard\libstdc++.a(si_class_type_info.o)
                0x080114d0                __cxxabiv1::__si_class_type_info::~__si_class_type_info()
                0x080114d0                __cxxabiv1::__si_class_type_info::~__si_class_type_info()
 .text._ZN10__cxxabiv120__si_class_type_infoD0Ev
                0x080114e4       0x1c c:/mingw/gcc-arm-none-eabi/bin/../lib/gcc/arm-none-eabi/10.3.1/../../../../arm-none-eabi/lib/thumb/v7e-m+fp/hard\libstdc++.a(si_class_type_info.o)
                0x080114e4                __cxxabiv1::__si_class_type_info::~__si_class_type_info()
 .text._ZNK10__cxxabiv120__si_class_type_info20__do_find_public_srcEiPKvPKNS_17__class_type_infoES2_
                0x08011500       0x3c c:/mingw/gcc-arm-none-eabi/bin/../lib/gcc/arm-none-eabi/10.3.1/../../../../arm-none-eabi/lib/thumb/v7e-m+fp/hard\libstdc++.a(si_class_type_info.o)
                0x08011500                __cxxabiv1::__si_class_type_info::__do_find_public_src(int, void const*, __cxxabiv1::__class_type_info const*, void const*) const
 .text._ZNK10__cxxabiv120__si_class_type_info12__do_dyncastEiNS_17__class_type_info10__sub_kindEPKS1_PKvS4_S6_RNS1_16__dyncast_resultE
                0x0801153c       0x80 c:/mingw/gcc-arm-none-eabi/bin/../lib/gcc/arm-none-eabi/10.3.1/../../../../arm-none-eabi/lib/thumb/v7e-m+fp/hard\libstdc++.a(si_class_type_info.o)
                0x0801153c                __cxxabiv1::__si_class_type_info::__do_dyncast(int, __cxxabiv1::__class_type_info::__sub_kind, __cxxabiv1::__class_type_info const*, void const*, __cxxabiv1::__class_type_info const*, void const*, __cxxabiv1::__class_type_info::__dyncast_result&) const
 .text._ZNK10__cxxabiv120__si_class_type_info11__do_upcastEPKNS_17__class_type_infoEPKvRNS1_15__upcast_resultE
                0x080115bc       0x2c c:/mingw/gcc-arm-none-eabi/bin/../lib/gcc/arm-none-eabi/10.3.1/../../../../arm-none-eabi/lib/thumb/v7e-m+fp/hard\libstdc++.a(si_class_type_info.o)
                0x080115bc                __cxxabiv1::__si_class_type_info::__do_upcast(__cxxabiv1::__class_type_info const*, void const*, __cxxabiv1::__class_type_info::__upcast_result&) const
 .text._ZNSt9type_infoD2Ev
                0x080115e8        0x4 c:/mingw/gcc-arm-none-eabi/bin/../lib/gcc/arm-none-eabi/10.3.1/../../../../arm-none-eabi/lib/thumb/v7e-m+fp/hard\libstdc++.a(tinfo.o)
                0x080115e8                std::type_info::~type_info()
                0x080115e8                std::type_info::~type_info()
 .text._ZNKSt9type_info14__is_pointer_pEv
                0x080115ec        0x4 c:/mingw/gcc-arm-none-eabi/bin/../lib/gcc/arm-none-eabi/10.3.1/../../../../arm-none-eabi/lib/thumb/v7e-m+fp/hard\libstdc++.a(tinfo.o)
                0x080115ec                std::type_info::__is_pointer_p() const
                0x080115ec                std::type_info::__is_function_p() const
 .text._ZNKSt9type_infoeqERKS_
                0x080115f0       0x2c c:/mingw/gcc-arm-none-eabi/bin/../lib/gcc/arm-none-eabi/10.3.1/../../../../arm-none-eabi/lib/thumb/v7e-m+fp/hard\libstdc++.a(tinfo.o)
                0x080115f0                std::type_info::operator==(std::type_info const&) const
 .text._ZN10__cxxabiv121__vmi_class_type_infoD2Ev
                0x0801161c       0x14 c:/mingw/gcc-arm-none-eabi/bin/../lib/gcc/arm-none-eabi/10.3.1/../../../../arm-none-eabi/lib/thumb/v7e-m+fp/hard\libstdc++.a(vmi_class_type_info.o)
                0x0801161c                __cxxabiv1::__vmi_class_type_info::~__vmi_class_type_info()
                0x0801161c                __cxxabiv1::__vmi_class_type_info::~__vmi_class_type_info()
 .text._ZN10__cxxabiv121__vmi_class_type_infoD0Ev
                0x08011630       0x1c c:/mingw/gcc-arm-none-eabi/bin/../lib/gcc/arm-none-eabi/10.3.1/../../../../arm-none-eabi/lib/thumb/v7e-m+fp/hard\libstdc++.a(vmi_class_type_info.o)
                0x08011630                __cxxabiv1::__vmi_class_type_info::~__vmi_class_type_info()
 .text._ZNK10__cxxabiv121__vmi_class_type_info20__do_find_public_srcEiPKvPKNS_17__class_type_infoES2_
                0x0801164c       0x88 c:/mingw/gcc-arm-none-eabi/bin/../lib/gcc/arm-none-eabi/10.3.1/../../../../arm-none-eabi/lib/thumb/v7e-m+fp/hard\libstdc++.a(vmi_class_type_info.o)
                0x0801164c                __cxxabiv1::__vmi_class_type_info::__do_find_public_src(int, void const*, __cxxabiv1::__class_type_info const*, void const*) const
 .text._ZNK10__cxxabiv121__vmi_class_type_info12__do_dyncastEiNS_17__class_type_info10__sub_kindEPKS1_PKvS4_S6_RNS1_16__dyncast_resultE
                0x080116d4      0x3d0 c:/mingw/gcc-arm-none-eabi/bin/../lib/gcc/arm-none-eabi/10.3.1/../../../../arm-none-eabi/lib/thumb/v7e-m+fp/hard\libstdc++.a(vmi_class_type_info.o)
                0x080116d4                __cxxabiv1::__vmi_class_type_info::__do_dyncast(int, __cxxabiv1::__class_type_info::__sub_kind, __cxxabiv1::__class_type_info const*, void const*, __cxxabiv1::__class_type_info const*, void const*, __cxxabiv1::__class_type_info::__dyncast_result&) const
 .text._ZNK10__cxxabiv121__vmi_class_type_info11__do_upcastEPKNS_17__class_type_infoEPKvRNS1_15__upcast_resultE
                0x08011aa4      0x160 c:/mingw/gcc-arm-none-eabi/bin/../lib/gcc/arm-none-eabi/10.3.1/../../../../arm-none-eabi/lib/thumb/v7e-m+fp/hard\libstdc++.a(vmi_class_type_info.o)
                0x08011aa4                __cxxabiv1::__vmi_class_type_info::__do_upcast(__cxxabiv1::__class_type_info const*, void const*, __cxxabiv1::__class_type_info::__upcast_result&) const
 .text._ZdlPv   0x08011c04        0x4 c:/mingw/gcc-arm-none-eabi/bin/../lib/gcc/arm-none-eabi/10.3.1/../../../../arm-none-eabi/lib/thumb/v7e-m+fp/hard\libstdc++.a(del_op.o)
                0x08011c04                operator delete(void*)
 .text._ZN10__cxxabiv111__terminateEPFvvE
                0x08011c08       0x28 c:/mingw/gcc-arm-none-eabi/bin/../lib/gcc/arm-none-eabi/10.3.1/../../../../arm-none-eabi/lib/thumb/v7e-m+fp/hard\libstdc++.a(eh_terminate.o)
                0x08011c08                __cxxabiv1::__terminate(void (*)())
 .text._ZSt9terminatev
                0x08011c30       0x14 c:/mingw/gcc-arm-none-eabi/bin/../lib/gcc/arm-none-eabi/10.3.1/../../../../arm-none-eabi/lib/thumb/v7e-m+fp/hard\libstdc++.a(eh_terminate.o)
                0x08011c30                std::terminate()
 .text._ZN10__cxxabiv112__unexpectedEPFvvE
                0x08011c44        0x8 c:/mingw/gcc-arm-none-eabi/bin/../lib/gcc/arm-none-eabi/10.3.1/../../../../arm-none-eabi/lib/thumb/v7e-m+fp/hard\libstdc++.a(eh_terminate.o)
                0x08011c44                __cxxabiv1::__unexpected(void (*)())
 .text._ZSt10unexpectedv
                0x08011c4c       0x14 c:/mingw/gcc-arm-none-eabi/bin/../lib/gcc/arm-none-eabi/10.3.1/../../../../arm-none-eabi/lib/thumb/v7e-m+fp/hard\libstdc++.a(eh_terminate.o)
                0x08011c4c                std::unexpected()
 .text._ZSt13get_terminatev
                0x08011c60       0x10 c:/mingw/gcc-arm-none-eabi/bin/../lib/gcc/arm-none-eabi/10.3.1/../../../../arm-none-eabi/lib/thumb/v7e-m+fp/hard\libstdc++.a(eh_terminate.o)
                0x08011c60                std::get_terminate()
 .text._ZSt14get_unexpectedv
                0x08011c70       0x10 c:/mingw/gcc-arm-none-eabi/bin/../lib/gcc/arm-none-eabi/10.3.1/../../../../arm-none-eabi/lib/thumb/v7e-m+fp/hard\libstdc++.a(eh_terminate.o)
                0x08011c70                std::get_unexpected()
 .text._ZN9__gnu_cxx27__verbose_terminate_handlerEv
                0x08011c80      0x10c c:/mingw/gcc-arm-none-eabi/bin/../lib/gcc/arm-none-eabi/10.3.1/../../../../arm-none-eabi/lib/thumb/v7e-m+fp/hard\libstdc++.a(vterminate.o)
                0x08011c80                __gnu_cxx::__verbose_terminate_handler()
 .text.__cxa_end_cleanup
                0x08011d8c        0xc c:/mingw/gcc-arm-none-eabi/bin/../lib/gcc/arm-none-eabi/10.3.1/../../../../arm-none-eabi/lib/thumb/v7e-m+fp/hard\libstdc++.a(eh_arm.o)
                0x08011d8c                __cxa_end_cleanup
 .text.__cxa_type_match
                0x08011d98       0xb4 c:/mingw/gcc-arm-none-eabi/bin/../lib/gcc/arm-none-eabi/10.3.1/../../../../arm-none-eabi/lib/thumb/v7e-m+fp/hard\libstdc++.a(eh_arm.o)
                0x08011d98                __cxa_type_match
 .text.__cxa_begin_cleanup
                0x08011e4c       0x64 c:/mingw/gcc-arm-none-eabi/bin/../lib/gcc/arm-none-eabi/10.3.1/../../../../arm-none-eabi/lib/thumb/v7e-m+fp/hard\libstdc++.a(eh_arm.o)
                0x08011e4c                __cxa_begin_cleanup
 .text.__gnu_end_cleanup
                0x08011eb0       0x70 c:/mingw/gcc-arm-none-eabi/bin/../lib/gcc/arm-none-eabi/10.3.1/../../../../arm-none-eabi/lib/thumb/v7e-m+fp/hard\libstdc++.a(eh_arm.o)
                0x08011eb0                __gnu_end_cleanup
 .text._ZN10__cxxabiv1L24__is_gxx_exception_classEPc
                0x08011f20       0x3c c:/mingw/gcc-arm-none-eabi/bin/../lib/gcc/arm-none-eabi/10.3.1/../../../../arm-none-eabi/lib/thumb/v7e-m+fp/hard\libstdc++.a(eh_call.o)
 .text.__cxa_call_terminate
                0x08011f5c       0x20 c:/mingw/gcc-arm-none-eabi/bin/../lib/gcc/arm-none-eabi/10.3.1/../../../../arm-none-eabi/lib/thumb/v7e-m+fp/hard\libstdc++.a(eh_call.o)
                0x08011f5c                __cxa_call_terminate
 .text.unlikely.__cxa_call_unexpected
                0x08011f7c       0xe4 c:/mingw/gcc-arm-none-eabi/bin/../lib/gcc/arm-none-eabi/10.3.1/../../../../arm-none-eabi/lib/thumb/v7e-m+fp/hard\libstdc++.a(eh_call.o)
                0x08011f7c                __cxa_call_unexpected
 .text.__cxa_begin_catch
                0x08012060       0x7c c:/mingw/gcc-arm-none-eabi/bin/../lib/gcc/arm-none-eabi/10.3.1/../../../../arm-none-eabi/lib/thumb/v7e-m+fp/hard\libstdc++.a(eh_catch.o)
                0x08012060                __cxa_begin_catch
 .text.__cxa_end_catch
                0x080120dc       0x8c c:/mingw/gcc-arm-none-eabi/bin/../lib/gcc/arm-none-eabi/10.3.1/../../../../arm-none-eabi/lib/thumb/v7e-m+fp/hard\libstdc++.a(eh_catch.o)
                0x080120dc                __cxa_end_catch
 .text._ZNSt13bad_exceptionD2Ev
                0x08012168        0x4 c:/mingw/gcc-arm-none-eabi/bin/../lib/gcc/arm-none-eabi/10.3.1/../../../../arm-none-eabi/lib/thumb/v7e-m+fp/hard\libstdc++.a(eh_exception.o)
                0x08012168                std::bad_exception::~bad_exception()
                0x08012168                std::bad_exception::~bad_exception()
 .text._ZNKSt13bad_exception4whatEv
                0x0801216c        0x8 c:/mingw/gcc-arm-none-eabi/bin/../lib/gcc/arm-none-eabi/10.3.1/../../../../arm-none-eabi/lib/thumb/v7e-m+fp/hard\libstdc++.a(eh_exception.o)
                0x0801216c                std::bad_exception::what() const
                0x0801216c                transaction clone for std::bad_exception::what() const
 .text._ZNSt13bad_exceptionD0Ev
                0x08012174       0x10 c:/mingw/gcc-arm-none-eabi/bin/../lib/gcc/arm-none-eabi/10.3.1/../../../../arm-none-eabi/lib/thumb/v7e-m+fp/hard\libstdc++.a(eh_exception.o)
                0x08012174                std::bad_exception::~bad_exception()
 .text.__cxa_get_globals_fast
                0x08012184        0x8 c:/mingw/gcc-arm-none-eabi/bin/../lib/gcc/arm-none-eabi/10.3.1/../../../../arm-none-eabi/lib/thumb/v7e-m+fp/hard\libstdc++.a(eh_globals.o)
                0x08012184                __cxa_get_globals_fast
 .text.__cxa_get_globals
                0x0801218c        0x8 c:/mingw/gcc-arm-none-eabi/bin/../lib/gcc/arm-none-eabi/10.3.1/../../../../arm-none-eabi/lib/thumb/v7e-m+fp/hard\libstdc++.a(eh_globals.o)